Archive member included to satisfy reference by file (symbol)

c:/st/stm32cubeide_1.6.0/stm32cubeide/plugins/com.st.stm32cube.ide.mcu.externaltools.gnu-tools-for-stm32.9-2020-q2-update.win32_1.5.0.202011040924/tools/bin/../lib/gcc/arm-none-eabi/9.3.1/../../../../arm-none-eabi/lib/thumb/v7e-m+fp/hard\libc_nano.a(lib_a-errno.o)
                              Core/Src/syscalls.o (__errno)
c:/st/stm32cubeide_1.6.0/stm32cubeide/plugins/com.st.stm32cube.ide.mcu.externaltools.gnu-tools-for-stm32.9-2020-q2-update.win32_1.5.0.202011040924/tools/bin/../lib/gcc/arm-none-eabi/9.3.1/../../../../arm-none-eabi/lib/thumb/v7e-m+fp/hard\libc_nano.a(lib_a-exit.o)
                              c:/st/stm32cubeide_1.6.0/stm32cubeide/plugins/com.st.stm32cube.ide.mcu.externaltools.gnu-tools-for-stm32.9-2020-q2-update.win32_1.5.0.202011040924/tools/bin/../lib/gcc/arm-none-eabi/9.3.1/../../../../arm-none-eabi/lib/thumb/v7e-m+fp/hard/crt0.o (exit)
c:/st/stm32cubeide_1.6.0/stm32cubeide/plugins/com.st.stm32cube.ide.mcu.externaltools.gnu-tools-for-stm32.9-2020-q2-update.win32_1.5.0.202011040924/tools/bin/../lib/gcc/arm-none-eabi/9.3.1/../../../../arm-none-eabi/lib/thumb/v7e-m+fp/hard\libc_nano.a(lib_a-impure.o)
                              c:/st/stm32cubeide_1.6.0/stm32cubeide/plugins/com.st.stm32cube.ide.mcu.externaltools.gnu-tools-for-stm32.9-2020-q2-update.win32_1.5.0.202011040924/tools/bin/../lib/gcc/arm-none-eabi/9.3.1/../../../../arm-none-eabi/lib/thumb/v7e-m+fp/hard\libc_nano.a(lib_a-exit.o) (_global_impure_ptr)
c:/st/stm32cubeide_1.6.0/stm32cubeide/plugins/com.st.stm32cube.ide.mcu.externaltools.gnu-tools-for-stm32.9-2020-q2-update.win32_1.5.0.202011040924/tools/bin/../lib/gcc/arm-none-eabi/9.3.1/../../../../arm-none-eabi/lib/thumb/v7e-m+fp/hard\libc_nano.a(lib_a-init.o)
                              c:/st/stm32cubeide_1.6.0/stm32cubeide/plugins/com.st.stm32cube.ide.mcu.externaltools.gnu-tools-for-stm32.9-2020-q2-update.win32_1.5.0.202011040924/tools/bin/../lib/gcc/arm-none-eabi/9.3.1/../../../../arm-none-eabi/lib/thumb/v7e-m+fp/hard/crt0.o (__libc_init_array)
c:/st/stm32cubeide_1.6.0/stm32cubeide/plugins/com.st.stm32cube.ide.mcu.externaltools.gnu-tools-for-stm32.9-2020-q2-update.win32_1.5.0.202011040924/tools/bin/../lib/gcc/arm-none-eabi/9.3.1/../../../../arm-none-eabi/lib/thumb/v7e-m+fp/hard\libc_nano.a(lib_a-memcmp.o)
                              Middlewares/ST/STM32_WPAN/ble/core/template/osal.o (memcmp)
c:/st/stm32cubeide_1.6.0/stm32cubeide/plugins/com.st.stm32cube.ide.mcu.externaltools.gnu-tools-for-stm32.9-2020-q2-update.win32_1.5.0.202011040924/tools/bin/../lib/gcc/arm-none-eabi/9.3.1/../../../../arm-none-eabi/lib/thumb/v7e-m+fp/hard\libc_nano.a(lib_a-memcpy-stub.o)
                              Middlewares/ST/STM32_WPAN/ble/core/template/osal.o (memcpy)
c:/st/stm32cubeide_1.6.0/stm32cubeide/plugins/com.st.stm32cube.ide.mcu.externaltools.gnu-tools-for-stm32.9-2020-q2-update.win32_1.5.0.202011040924/tools/bin/../lib/gcc/arm-none-eabi/9.3.1/../../../../arm-none-eabi/lib/thumb/v7e-m+fp/hard\libc_nano.a(lib_a-memset.o)
                              c:/st/stm32cubeide_1.6.0/stm32cubeide/plugins/com.st.stm32cube.ide.mcu.externaltools.gnu-tools-for-stm32.9-2020-q2-update.win32_1.5.0.202011040924/tools/bin/../lib/gcc/arm-none-eabi/9.3.1/../../../../arm-none-eabi/lib/thumb/v7e-m+fp/hard/crt0.o (memset)
c:/st/stm32cubeide_1.6.0/stm32cubeide/plugins/com.st.stm32cube.ide.mcu.externaltools.gnu-tools-for-stm32.9-2020-q2-update.win32_1.5.0.202011040924/tools/bin/../lib/gcc/arm-none-eabi/9.3.1/../../../../arm-none-eabi/lib/thumb/v7e-m+fp/hard\libc_nano.a(lib_a-printf.o)
                              Middlewares/ST/STM32_WPAN/utilities/dbg_trace.o (printf)
c:/st/stm32cubeide_1.6.0/stm32cubeide/plugins/com.st.stm32cube.ide.mcu.externaltools.gnu-tools-for-stm32.9-2020-q2-update.win32_1.5.0.202011040924/tools/bin/../lib/gcc/arm-none-eabi/9.3.1/../../../../arm-none-eabi/lib/thumb/v7e-m+fp/hard\libc_nano.a(lib_a-strlen.o)
                              STM32_WPAN/App/app_ble.o (strlen)
c:/st/stm32cubeide_1.6.0/stm32cubeide/plugins/com.st.stm32cube.ide.mcu.externaltools.gnu-tools-for-stm32.9-2020-q2-update.win32_1.5.0.202011040924/tools/bin/../lib/gcc/arm-none-eabi/9.3.1/../../../../arm-none-eabi/lib/thumb/v7e-m+fp/hard\libc_nano.a(lib_a-strrchr.o)
                              Middlewares/ST/STM32_WPAN/utilities/dbg_trace.o (strrchr)
c:/st/stm32cubeide_1.6.0/stm32cubeide/plugins/com.st.stm32cube.ide.mcu.externaltools.gnu-tools-for-stm32.9-2020-q2-update.win32_1.5.0.202011040924/tools/bin/../lib/gcc/arm-none-eabi/9.3.1/../../../../arm-none-eabi/lib/thumb/v7e-m+fp/hard\libc_nano.a(lib_a-vprintf.o)
                              Middlewares/ST/STM32_WPAN/utilities/dbg_trace.o (vprintf)
c:/st/stm32cubeide_1.6.0/stm32cubeide/plugins/com.st.stm32cube.ide.mcu.externaltools.gnu-tools-for-stm32.9-2020-q2-update.win32_1.5.0.202011040924/tools/bin/../lib/gcc/arm-none-eabi/9.3.1/../../../../arm-none-eabi/lib/thumb/v7e-m+fp/hard\libc_nano.a(lib_a-findfp.o)
[...]
Memory Configuration

Name             Origin             Length             Attributes
FLASH            0x0000000008000000 0x0000000000028000 xr
RAM1             0x0000000020000000 0x0000000000003000 xrw
RAM_SHARED       0x0000000020030000 0x0000000000002800 xrw
*default*        0x0000000000000000 0xffffffffffffffff

Linker script and memory map

LOAD c:/st/stm32cubeide_1.6.0/stm32cubeide/plugins/com.st.stm32cube.ide.mcu.externaltools.gnu-tools-for-stm32.9-2020-q2-update.win32_1.5.0.202011040924/tools/bin/../lib/gcc/arm-none-eabi/9.3.1/thumb/v7e-m+fp/hard/crti.o
LOAD c:/st/stm32cubeide_1.6.0/stm32cubeide/plugins/com.st.stm32cube.ide.mcu.externaltools.gnu-tools-for-stm32.9-2020-q2-update.win32_1.5.0.202011040924/tools/bin/../lib/gcc/arm-none-eabi/9.3.1/thumb/v7e-m+fp/hard/crtbegin.o
LOAD c:/st/stm32cubeide_1.6.0/stm32cubeide/plugins/com.st.stm32cube.ide.mcu.externaltools.gnu-tools-for-stm32.9-2020-q2-update.win32_1.5.0.202011040924/tools/bin/../lib/gcc/arm-none-eabi/9.3.1/../../../../arm-none-eabi/lib/thumb/v7e-m+fp/hard/crt0.o
LOAD Core/Src/app_debug.o
LOAD Core/Src/app_entry.o
LOAD Core/Src/hw_timerserver.o
LOAD Core/Src/main.o
LOAD Core/Src/standby_stm32wb15.o
LOAD Core/Src/stm32_lpm_if.o
LOAD Core/Src/stm32wbxx_hal_msp.o
LOAD Core/Src/stm32wbxx_it.o
LOAD Core/Src/syscalls.o
LOAD Core/Src/sysmem.o
LOAD Core/Src/system_stm32wbxx.o
LOAD Core/Startup/startup_stm32wb15ccux.o
LOAD Drivers/STM32WBxx_HAL_Driver/Src/stm32wbxx_hal.o
LOAD Drivers/STM32WBxx_HAL_Driver/Src/stm32wbxx_hal_cortex.o
LOAD Drivers/STM32WBxx_HAL_Driver/Src/stm32wbxx_hal_dma.o
LOAD Drivers/STM32WBxx_HAL_Driver/Src/stm32wbxx_hal_dma_ex.o
LOAD Drivers/STM32WBxx_HAL_Driver/Src/stm32wbxx_hal_exti.o
LOAD Drivers/STM32WBxx_HAL_Driver/Src/stm32wbxx_hal_flash.o
LOAD Drivers/STM32WBxx_HAL_Driver/Src/stm32wbxx_hal_flash_ex.o
LOAD Drivers/STM32WBxx_HAL_Driver/Src/stm32wbxx_hal_gpio.o
LOAD Drivers/STM32WBxx_HAL_Driver/Src/stm32wbxx_hal_hsem.o
LOAD Drivers/STM32WBxx_HAL_Driver/Src/stm32wbxx_hal_ipcc.o
LOAD Drivers/STM32WBxx_HAL_Driver/Src/stm32wbxx_hal_pwr.o
LOAD Drivers/STM32WBxx_HAL_Driver/Src/stm32wbxx_hal_pwr_ex.o
LOAD Drivers/STM32WBxx_HAL_Driver/Src/stm32wbxx_hal_rcc.o
LOAD Drivers/STM32WBxx_HAL_Driver/Src/stm32wbxx_hal_rcc_ex.o
LOAD Drivers/STM32WBxx_HAL_Driver/Src/stm32wbxx_hal_rtc.o
LOAD Drivers/STM32WBxx_HAL_Driver/Src/stm32wbxx_hal_rtc_ex.o
LOAD Drivers/STM32WBxx_HAL_Driver/Src/stm32wbxx_hal_tim.o
LOAD Drivers/STM32WBxx_HAL_Driver/Src/stm32wbxx_hal_tim_ex.o
LOAD Middlewares/ST/STM32_WPAN/ble/core/auto/ble_gap_aci.o
LOAD Middlewares/ST/STM32_WPAN/ble/core/auto/ble_gatt_aci.o
LOAD Middlewares/ST/STM32_WPAN/ble/core/auto/ble_hal_aci.o
LOAD Middlewares/ST/STM32_WPAN/ble/core/auto/ble_hci_le.o
LOAD Middlewares/ST/STM32_WPAN/ble/core/auto/ble_l2cap_aci.o
LOAD Middlewares/ST/STM32_WPAN/ble/core/template/osal.o
LOAD Middlewares/ST/STM32_WPAN/ble/svc/Src/p2p_stm.o
LOAD Middlewares/ST/STM32_WPAN/ble/svc/Src/svc_ctl.o
LOAD Middlewares/ST/STM32_WPAN/interface/patterns/ble_thread/shci/shci.o
LOAD Middlewares/ST/STM32_WPAN/interface/patterns/ble_thread/tl/hci_tl.o
LOAD Middlewares/ST/STM32_WPAN/interface/patterns/ble_thread/tl/hci_tl_if.o
LOAD Middlewares/ST/STM32_WPAN/interface/patterns/ble_thread/tl/shci_tl.o
LOAD Middlewares/ST/STM32_WPAN/interface/patterns/ble_thread/tl/shci_tl_if.o
LOAD Middlewares/ST/STM32_WPAN/interface/patterns/ble_thread/tl/tl_mbox.o
LOAD Middlewares/ST/STM32_WPAN/utilities/dbg_trace.o
LOAD Middlewares/ST/STM32_WPAN/utilities/otp.o
LOAD Middlewares/ST/STM32_WPAN/utilities/stm_list.o
LOAD Middlewares/ST/STM32_WPAN/utilities/stm_queue.o
LOAD STM32_WPAN/App/app_ble.o
LOAD STM32_WPAN/App/p2p_server_app.o
LOAD STM32_WPAN/Target/hw_ipcc.o
LOAD Utilities/lpm/tiny_lpm/stm32_lpm.o
LOAD Utilities/sequencer/stm32_seq.o
START GROUP
LOAD c:/st/stm32cubeide_1.6.0/stm32cubeide/plugins/com.st.stm32cube.ide.mcu.externaltools.gnu-tools-for-stm32.9-2020-q2-update.win32_1.5.0.202011040924/tools/bin/../lib/gcc/arm-none-eabi/9.3.1/../../../../arm-none-eabi/lib/thumb/v7e-m+fp/hard\libc_nano.a
LOAD c:/st/stm32cubeide_1.6.0/stm32cubeide/plugins/com.st.stm32cube.ide.mcu.externaltools.gnu-tools-for-stm32.9-2020-q2-update.win32_1.5.0.202011040924/tools/bin/../lib/gcc/arm-none-eabi/9.3.1/../../../../arm-none-eabi/lib/thumb/v7e-m+fp/hard\libm.a
END GROUP
START GROUP
LOAD c:/st/stm32cubeide_1.6.0/stm32cubeide/plugins/com.st.stm32cube.ide.mcu.externaltools.gnu-tools-for-stm32.9-2020-q2-update.win32_1.5.0.202011040924/tools/bin/../lib/gcc/arm-none-eabi/9.3.1/thumb/v7e-m+fp/hard\libgcc.a
LOAD c:/st/stm32cubeide_1.6.0/stm32cubeide/plugins/com.st.stm32cube.ide.mcu.externaltools.gnu-tools-for-stm32.9-2020-q2-update.win32_1.5.0.202011040924/tools/bin/../lib/gcc/arm-none-eabi/9.3.1/../../../../arm-none-eabi/lib/thumb/v7e-m+fp/hard\libc_nano.a
END GROUP
START GROUP
LOAD c:/st/stm32cubeide_1.6.0/stm32cubeide/plugins/com.st.stm32cube.ide.mcu.externaltools.gnu-tools-for-stm32.9-2020-q2-update.win32_1.5.0.202011040924/tools/bin/../lib/gcc/arm-none-eabi/9.3.1/thumb/v7e-m+fp/hard\libgcc.a
LOAD c:/st/stm32cubeide_1.6.0/stm32cubeide/plugins/com.st.stm32cube.ide.mcu.externaltools.gnu-tools-for-stm32.9-2020-q2-update.win32_1.5.0.202011040924/tools/bin/../lib/gcc/arm-none-eabi/9.3.1/../../../../arm-none-eabi/lib/thumb/v7e-m+fp/hard\libc_nano.a
LOAD c:/st/stm32cubeide_1.6.0/stm32cubeide/plugins/com.st.stm32cube.ide.mcu.externaltools.gnu-tools-for-stm32.9-2020-q2-update.win32_1.5.0.202011040924/tools/bin/../lib/gcc/arm-none-eabi/9.3.1/../../../../arm-none-eabi/lib/thumb/v7e-m+fp/hard\libnosys.a
END GROUP
START GROUP
LOAD c:/st/stm32cubeide_1.6.0/stm32cubeide/plugins/com.st.stm32cube.ide.mcu.externaltools.gnu-tools-for-stm32.9-2020-q2-update.win32_1.5.0.202011040924/tools/bin/../lib/gcc/arm-none-eabi/9.3.1/thumb/v7e-m+fp/hard\libgcc.a
LOAD c:/st/stm32cubeide_1.6.0/stm32cubeide/plugins/com.st.stm32cube.ide.mcu.externaltools.gnu-tools-for-stm32.9-2020-q2-update.win32_1.5.0.202011040924/tools/bin/../lib/gcc/arm-none-eabi/9.3.1/../../../../arm-none-eabi/lib/thumb/v7e-m+fp/hard\libc_nano.a
LOAD c:/st/stm32cubeide_1.6.0/stm32cubeide/plugins/com.st.stm32cube.ide.mcu.externaltools.gnu-tools-for-stm32.9-2020-q2-update.win32_1.5.0.202011040924/tools/bin/../lib/gcc/arm-none-eabi/9.3.1/../../../../arm-none-eabi/lib/thumb/v7e-m+fp/hard\libnosys.a
END GROUP
LOAD c:/st/stm32cubeide_1.6.0/stm32cubeide/plugins/com.st.stm32cube.ide.mcu.externaltools.gnu-tools-for-stm32.9-2020-q2-update.win32_1.5.0.202011040924/tools/bin/../lib/gcc/arm-none-eabi/9.3.1/thumb/v7e-m+fp/hard/crtend.o
LOAD c:/st/stm32cubeide_1.6.0/stm32cubeide/plugins/com.st.stm32cube.ide.mcu.externaltools.gnu-tools-for-stm32.9-2020-q2-update.win32_1.5.0.202011040924/tools/bin/../lib/gcc/arm-none-eabi/9.3.1/thumb/v7e-m+fp/hard/crtn.o
                0x0000000020003000                _estack = 0x20003000
                0x0000000000000200                _Min_Heap_Size = 0x200
                0x0000000000000400                _Min_Stack_Size = 0x400

.isr_vector     0x0000000008000000      0x13c
                0x0000000008000000                . = ALIGN (0x4)
 *(.isr_vector)
 .isr_vector    0x0000000008000000      0x13c Core/Startup/startup_stm32wb15ccux.o
                0x0000000008000000                g_pfnVectors
                0x000000000800013c                . = ALIGN (0x4)

.text           0x000000000800013c     0x5c84
                0x000000000800013c                . = ALIGN (0x4)
 *(.text)
 .text          0x000000000800013c       0x40 c:/st/stm32cubeide_1.6.0/stm32cubeide/plugins/com.st.stm32cube.ide.mcu.externaltools.gnu-tools-for-stm32.9-2020-q2-update.win32_1.5.0.202011040924/tools/bin/../lib/gcc/arm-none-eabi/9.3.1/thumb/v7e-m+fp/hard/crtbegin.o
 .text          0x000000000800017c       0x10 c:/st/stm32cubeide_1.6.0/stm32cubeide/plugins/com.st.stm32cube.ide.mcu.externaltools.gnu-tools-for-stm32.9-2020-q2-update.win32_1.5.0.202011040924/tools/bin/../lib/gcc/arm-none-eabi/9.3.1/../../../../arm-none-eabi/lib/thumb/v7e-m+fp/hard\libc_nano.a(lib_a-strlen.o)
                0x000000000800017c                strlen
 *(.text*)
 .text.APPD_EnableCPU2
                0x000000000800018c       0x38 Core/Src/app_debug.o
                0x000000000800018c                APPD_EnableCPU2
 .text.LL_C2_PWR_SetPowerMode
                0x00000000080001c4       0x2c Core/Src/app_entry.o
 .text.LL_RCC_SetClkAfterWakeFromStop
                0x00000000080001f0       0x28 Core/Src/app_entry.o
 .text.APPE_Init
                0x0000000008000218       0x1c Core/Src/app_entry.o
                0x0000000008000218                APPE_Init
 .text.SystemPower_Config
                0x0000000008000234       0x1e Core/Src/app_entry.o
 *fill*         0x0000000008000252        0x2 
 .text.appe_Tl_Init
                0x0000000008000254       0x6c Core/Src/app_entry.o
 .text.APPE_SysStatusNot
                0x00000000080002c0       0x16 Core/Src/app_entry.o
 .text.APPE_SysUserEvtRx
                0x00000000080002d6       0x20 Core/Src/app_entry.o
 .text.UTIL_SEQ_Idle
                0x00000000080002f6        0xe Core/Src/app_entry.o
                0x00000000080002f6                UTIL_SEQ_Idle
 .text.UTIL_SEQ_EvtIdle
                0x0000000008000304       0x1a Core/Src/app_entry.o
                0x0000000008000304                UTIL_SEQ_EvtIdle
 .text.shci_notify_asynch_evt
                0x000000000800031e       0x18 Core/Src/app_entry.o
                0x000000000800031e                shci_notify_asynch_evt
 .text.shci_cmd_resp_release
                0x0000000008000336       0x16 Core/Src/app_entry.o
                0x0000000008000336                shci_cmd_resp_release
 .text.shci_cmd_resp_wait
                0x000000000800034c       0x16 Core/Src/app_entry.o
                0x000000000800034c                shci_cmd_resp_wait
 *fill*         0x0000000008000362        0x2 
 .text.LL_EXTI_EnableIT_0_31
                0x0000000008000364       0x28 Core/Src/hw_timerserver.o
 .text.LL_EXTI_EnableRisingTrig_0_31
                0x000000000800038c       0x24 Core/Src/hw_timerserver.o
 .text.ReadRtcSsrValue
                0x00000000080003b0       0x40 Core/Src/hw_timerserver.o
 .text.LinkTimerAfter
                0x00000000080003f0       0x8c Core/Src/hw_timerserver.o
 .text.LinkTimerBefore
                0x000000000800047c       0xc0 Core/Src/hw_timerserver.o
 .text.linkTimer
                0x000000000800053c      0x154 Core/Src/hw_timerserver.o
 .text.UnlinkTimer
                0x0000000008000690      0x108 Core/Src/hw_timerserver.o
 .text.ReturnTimeElapsed
                0x0000000008000798       0x80 Core/Src/hw_timerserver.o
 .text.RestartWakeupCounter
                0x0000000008000818       0xbc Core/Src/hw_timerserver.o
 .text.RescheduleTimerList
                0x00000000080008d4      0x13c Core/Src/hw_timerserver.o
 .text.HW_TS_Init
                0x0000000008000a10      0x1cc Core/Src/hw_timerserver.o
                0x0000000008000a10                HW_TS_Init
 .text.HW_TS_Create
                0x0000000008000bdc       0xf4 Core/Src/hw_timerserver.o
                0x0000000008000bdc                HW_TS_Create
 .text.HW_TS_Stop
                0x0000000008000cd0      0x118 Core/Src/hw_timerserver.o
                0x0000000008000cd0                HW_TS_Stop
 .text.HW_TS_Start
                0x0000000008000de8      0x110 Core/Src/hw_timerserver.o
                0x0000000008000de8                HW_TS_Start
 .text.main     0x0000000008000ef8       0x22 Core/Src/main.o
                0x0000000008000ef8                main
 .text.SystemClock_Config
                0x0000000008000f1a       0xd6 Core/Src/main.o
                0x0000000008000f1a                SystemClock_Config
 .text.MX_IPCC_Init
                0x0000000008000ff0       0x28 Core/Src/main.o
 .text.MX_RF_Init
                0x0000000008001018        0xe Core/Src/main.o
 *fill*         0x0000000008001026        0x2 
 .text.MX_RTC_Init
                0x0000000008001028       0x4c Core/Src/main.o
 .text.MX_GPIO_Init
                0x0000000008001074        0xe Core/Src/main.o
 .text.Error_Handler
                0x0000000008001082        0xa Core/Src/main.o
                0x0000000008001082                Error_Handler
 .text.LL_RCC_EnableRTC
                0x000000000800108c       0x22 Core/Src/stm32wbxx_hal_msp.o
 .text.LL_AHB3_GRP1_EnableClock
                0x00000000080010ae       0x32 Core/Src/stm32wbxx_hal_msp.o
 .text.LL_APB1_GRP1_EnableClock
                0x00000000080010e0       0x32 Core/Src/stm32wbxx_hal_msp.o
 .text.HAL_MspInit
                0x0000000008001112       0x20 Core/Src/stm32wbxx_hal_msp.o
                0x0000000008001112                HAL_MspInit
 *fill*         0x0000000008001132        0x2 
 .text.HAL_IPCC_MspInit
                0x0000000008001134       0x28 Core/Src/stm32wbxx_hal_msp.o
                0x0000000008001134                HAL_IPCC_MspInit
 .text.HAL_RTC_MspInit
                0x000000000800115c       0x2c Core/Src/stm32wbxx_hal_msp.o
                0x000000000800115c                HAL_RTC_MspInit
 .text.NMI_Handler
                0x0000000008001188        0x6 Core/Src/stm32wbxx_it.o
                0x0000000008001188                NMI_Handler
 .text.HardFault_Handler
                0x000000000800118e        0x6 Core/Src/stm32wbxx_it.o
                0x000000000800118e                HardFault_Handler
 .text.MemManage_Handler
                0x0000000008001194        0x6 Core/Src/stm32wbxx_it.o
                0x0000000008001194                MemManage_Handler
 .text.BusFault_Handler
                0x000000000800119a        0x6 Core/Src/stm32wbxx_it.o
                0x000000000800119a                BusFault_Handler
 .text.UsageFault_Handler
                0x00000000080011a0        0x6 Core/Src/stm32wbxx_it.o
                0x00000000080011a0                UsageFault_Handler
 .text.SVC_Handler
                0x00000000080011a6        0xe Core/Src/stm32wbxx_it.o
                0x00000000080011a6                SVC_Handler
 .text.DebugMon_Handler
                0x00000000080011b4        0xe Core/Src/stm32wbxx_it.o
                0x00000000080011b4                DebugMon_Handler
 .text.PendSV_Handler
                0x00000000080011c2        0xe Core/Src/stm32wbxx_it.o
                0x00000000080011c2                PendSV_Handler
 .text.SysTick_Handler
                0x00000000080011d0        0xc Core/Src/stm32wbxx_it.o
                0x00000000080011d0                SysTick_Handler
 .text.HSEM_IRQHandler
                0x00000000080011dc        0xc Core/Src/stm32wbxx_it.o
                0x00000000080011dc                HSEM_IRQHandler
 .text.SystemInit
                0x00000000080011e8       0x9c Core/Src/system_stm32wbxx.o
                0x00000000080011e8                SystemInit
 .text.data_initializers
                0x0000000008001284       0x18 Core/Startup/startup_stm32wb15ccux.o
 .text.Reset_Handler
                0x000000000800129c       0x54 Core/Startup/startup_stm32wb15ccux.o
                0x000000000800129c                Reset_Handler
 .text.Default_Handler
                0x00000000080012f0        0x2 Core/Startup/startup_stm32wb15ccux.o
                0x00000000080012f0                RTC_Alarm_IRQHandler
                0x00000000080012f0                EXTI2_IRQHandler
                0x00000000080012f0                TIM1_CC_IRQHandler
                0x00000000080012f0                TSC_IRQHandler
                0x00000000080012f0                EXTI3_IRQHandler
                0x00000000080012f0                LPTIM2_IRQHandler
                0x00000000080012f0                EXTI0_IRQHandler
                0x00000000080012f0                FPU_IRQHandler
                0x00000000080012f0                SPI1_IRQHandler
                0x00000000080012f0                DMA1_Channel4_IRQHandler
                0x00000000080012f0                ADC1_IRQHandler
                0x00000000080012f0                PWR_SOTF_BLEACT_RFPHASE_IRQHandler
                0x00000000080012f0                PKA_IRQHandler
                0x00000000080012f0                DMA1_Channel7_IRQHandler
                0x00000000080012f0                IPCC_C1_TX_IRQHandler
                0x00000000080012f0                I2C1_EV_IRQHandler
                0x00000000080012f0                DMAMUX1_OVR_IRQHandler
                0x00000000080012f0                DMA1_Channel6_IRQHandler
                0x00000000080012f0                RCC_IRQHandler
                0x00000000080012f0                TIM1_TRG_COM_IRQHandler
                0x00000000080012f0                DMA1_Channel1_IRQHandler
                0x00000000080012f0                Default_Handler
                0x00000000080012f0                EXTI15_10_IRQHandler
                0x00000000080012f0                IPCC_C1_RX_IRQHandler
                0x00000000080012f0                C2SEV_PWR_C2H_IRQHandler
                0x00000000080012f0                AES2_IRQHandler
                0x00000000080012f0                EXTI9_5_IRQHandler
                0x00000000080012f0                RTC_WKUP_IRQHandler
                0x00000000080012f0                PVD_PVM_IRQHandler
                0x00000000080012f0                DMA1_Channel5_IRQHandler
                0x00000000080012f0                EXTI4_IRQHandler
                0x00000000080012f0                RNG_IRQHandler
                0x00000000080012f0                TAMP_STAMP_LSECSS_IRQHandler
                0x00000000080012f0                DMA1_Channel3_IRQHandler
                0x00000000080012f0                COMP_IRQHandler
                0x00000000080012f0                TIM1_UP_IRQHandler
                0x00000000080012f0                WWDG_IRQHandler
                0x00000000080012f0                LPUART1_IRQHandler
                0x00000000080012f0                TIM2_IRQHandler
                0x00000000080012f0                TIM1_BRK_IRQHandler
                0x00000000080012f0                EXTI1_IRQHandler
                0x00000000080012f0                DMA1_Channel2_IRQHandler
                0x00000000080012f0                FLASH_IRQHandler
                0x00000000080012f0                USART1_IRQHandler
                0x00000000080012f0                I2C1_ER_IRQHandler
                0x00000000080012f0                LPTIM1_IRQHandler
 *fill*         0x00000000080012f2        0x2 
 .text.HAL_Init
                0x00000000080012f4       0x40 Drivers/STM32WBxx_HAL_Driver/Src/stm32wbxx_hal.o
                0x00000000080012f4                HAL_Init
 .text.HAL_InitTick
                0x0000000008001334       0x74 Drivers/STM32WBxx_HAL_Driver/Src/stm32wbxx_hal.o
                0x0000000008001334                HAL_InitTick
 .text.HAL_IncTick
                0x00000000080013a8       0x28 Drivers/STM32WBxx_HAL_Driver/Src/stm32wbxx_hal.o
                0x00000000080013a8                HAL_IncTick
 .text.HAL_GetTick
                0x00000000080013d0       0x18 Drivers/STM32WBxx_HAL_Driver/Src/stm32wbxx_hal.o
                0x00000000080013d0                HAL_GetTick
 .text.HAL_GetTickPrio
                0x00000000080013e8       0x18 Drivers/STM32WBxx_HAL_Driver/Src/stm32wbxx_hal.o
                0x00000000080013e8                HAL_GetTickPrio
 .text.__NVIC_SetPriorityGrouping
                0x0000000008001400       0x48 Drivers/STM32WBxx_HAL_Driver/Src/stm32wbxx_hal_cortex.o
 .text.__NVIC_GetPriorityGrouping
                0x0000000008001448       0x1c Drivers/STM32WBxx_HAL_Driver/Src/stm32wbxx_hal_cortex.o
 .text.__NVIC_EnableIRQ
                0x0000000008001464       0x3c Drivers/STM32WBxx_HAL_Driver/Src/stm32wbxx_hal_cortex.o
 .text.__NVIC_DisableIRQ
                0x00000000080014a0       0x48 Drivers/STM32WBxx_HAL_Driver/Src/stm32wbxx_hal_cortex.o
 .text.__NVIC_SetPendingIRQ
                0x00000000080014e8       0x3c Drivers/STM32WBxx_HAL_Driver/Src/stm32wbxx_hal_cortex.o
 .text.__NVIC_ClearPendingIRQ
                0x0000000008001524       0x3c Drivers/STM32WBxx_HAL_Driver/Src/stm32wbxx_hal_cortex.o
 .text.__NVIC_SetPriority
                0x0000000008001560       0x54 Drivers/STM32WBxx_HAL_Driver/Src/stm32wbxx_hal_cortex.o
 .text.NVIC_EncodePriority
                0x00000000080015b4       0x66 Drivers/STM32WBxx_HAL_Driver/Src/stm32wbxx_hal_cortex.o
 *fill*         0x000000000800161a        0x2 
 .text.SysTick_Config
                0x000000000800161c       0x44 Drivers/STM32WBxx_HAL_Driver/Src/stm32wbxx_hal_cortex.o
 .text.HAL_NVIC_SetPriorityGrouping
                0x0000000008001660       0x16 Drivers/STM32WBxx_HAL_Driver/Src/stm32wbxx_hal_cortex.o
                0x0000000008001660                HAL_NVIC_SetPriorityGrouping
 .text.HAL_NVIC_SetPriority
                0x0000000008001676       0x34 Drivers/STM32WBxx_HAL_Driver/Src/stm32wbxx_hal_cortex.o
                0x0000000008001676                HAL_NVIC_SetPriority
 .text.HAL_NVIC_EnableIRQ
                0x00000000080016aa       0x1c Drivers/STM32WBxx_HAL_Driver/Src/stm32wbxx_hal_cortex.o
                0x00000000080016aa                HAL_NVIC_EnableIRQ
 .text.HAL_NVIC_DisableIRQ
                0x00000000080016c6       0x1c Drivers/STM32WBxx_HAL_Driver/Src/stm32wbxx_hal_cortex.o
                0x00000000080016c6                HAL_NVIC_DisableIRQ
 .text.HAL_SYSTICK_Config
                0x00000000080016e2       0x18 Drivers/STM32WBxx_HAL_Driver/Src/stm32wbxx_hal_cortex.o
                0x00000000080016e2                HAL_SYSTICK_Config
 .text.HAL_NVIC_SetPendingIRQ
                0x00000000080016fa       0x1c Drivers/STM32WBxx_HAL_Driver/Src/stm32wbxx_hal_cortex.o
                0x00000000080016fa                HAL_NVIC_SetPendingIRQ
 .text.HAL_NVIC_ClearPendingIRQ
                0x0000000008001716       0x1c Drivers/STM32WBxx_HAL_Driver/Src/stm32wbxx_hal_cortex.o
                0x0000000008001716                HAL_NVIC_ClearPendingIRQ
 *fill*         0x0000000008001732        0x2 
 .text.HAL_HSEM_IRQHandler
                0x0000000008001734       0x34 Drivers/STM32WBxx_HAL_Driver/Src/stm32wbxx_hal_hsem.o
                0x0000000008001734                HAL_HSEM_IRQHandler
 .text.HAL_HSEM_FreeCallback
                0x0000000008001768       0x14 Drivers/STM32WBxx_HAL_Driver/Src/stm32wbxx_hal_hsem.o
                0x0000000008001768                HAL_HSEM_FreeCallback
 .text.HAL_IPCC_Init
                0x000000000800177c       0x64 Drivers/STM32WBxx_HAL_Driver/Src/stm32wbxx_hal_ipcc.o
                0x000000000800177c                HAL_IPCC_Init
 .text.HAL_IPCC_RxCallback
                0x00000000080017e0       0x1a Drivers/STM32WBxx_HAL_Driver/Src/stm32wbxx_hal_ipcc.o
                0x00000000080017e0                HAL_IPCC_RxCallback
 .text.HAL_IPCC_TxCallback
                0x00000000080017fa       0x1a Drivers/STM32WBxx_HAL_Driver/Src/stm32wbxx_hal_ipcc.o
                0x00000000080017fa                HAL_IPCC_TxCallback
 .text.IPCC_SetDefaultCallbacks
                0x0000000008001814       0x4c Drivers/STM32WBxx_HAL_Driver/Src/stm32wbxx_hal_ipcc.o
                0x0000000008001814                IPCC_SetDefaultCallbacks
 .text.IPCC_Reset_Register
                0x0000000008001860       0x28 Drivers/STM32WBxx_HAL_Driver/Src/stm32wbxx_hal_ipcc.o
                0x0000000008001860                IPCC_Reset_Register
 .text.HAL_PWR_EnableBkUpAccess
                0x0000000008001888       0x20 Drivers/STM32WBxx_HAL_Driver/Src/stm32wbxx_hal_pwr.o
                0x0000000008001888                HAL_PWR_EnableBkUpAccess
 .text.LL_PWR_EnableSRAM2Retention
                0x00000000080018a8       0x20 Drivers/STM32WBxx_HAL_Driver/Src/stm32wbxx_hal_pwr_ex.o
 .text.HAL_PWREx_EnableSRAMRetention
                0x00000000080018c8        0xc Drivers/STM32WBxx_HAL_Driver/Src/stm32wbxx_hal_pwr_ex.o
                0x00000000080018c8                HAL_PWREx_EnableSRAMRetention
 .text.LL_RCC_HSE_IsEnabledDiv2
                0x00000000080018d4       0x24 Drivers/STM32WBxx_HAL_Driver/Src/stm32wbxx_hal_rcc.o
 .text.LL_RCC_HSE_Enable
                0x00000000080018f8       0x1e Drivers/STM32WBxx_HAL_Driver/Src/stm32wbxx_hal_rcc.o
 .text.LL_RCC_HSE_Disable
                0x0000000008001916       0x1e Drivers/STM32WBxx_HAL_Driver/Src/stm32wbxx_hal_rcc.o
 .text.LL_RCC_HSE_IsReady
                0x0000000008001934       0x24 Drivers/STM32WBxx_HAL_Driver/Src/stm32wbxx_hal_rcc.o
 .text.LL_RCC_HSI_Enable
                0x0000000008001958       0x1e Drivers/STM32WBxx_HAL_Driver/Src/stm32wbxx_hal_rcc.o
 .text.LL_RCC_HSI_Disable
                0x0000000008001976       0x1e Drivers/STM32WBxx_HAL_Driver/Src/stm32wbxx_hal_rcc.o
 .text.LL_RCC_HSI_IsReady
                0x0000000008001994       0x24 Drivers/STM32WBxx_HAL_Driver/Src/stm32wbxx_hal_rcc.o
 .text.LL_RCC_HSI_SetCalibTrimming
                0x00000000080019b8       0x2a Drivers/STM32WBxx_HAL_Driver/Src/stm32wbxx_hal_rcc.o
 .text.LL_RCC_LSE_Enable
                0x00000000080019e2       0x22 Drivers/STM32WBxx_HAL_Driver/Src/stm32wbxx_hal_rcc.o
 .text.LL_RCC_LSE_Disable
                0x0000000008001a04       0x22 Drivers/STM32WBxx_HAL_Driver/Src/stm32wbxx_hal_rcc.o
 .text.LL_RCC_LSE_EnableBypass
                0x0000000008001a26       0x22 Drivers/STM32WBxx_HAL_Driver/Src/stm32wbxx_hal_rcc.o
 .text.LL_RCC_LSE_DisableBypass
                0x0000000008001a48       0x22 Drivers/STM32WBxx_HAL_Driver/Src/stm32wbxx_hal_rcc.o
 .text.LL_RCC_LSE_IsReady
                0x0000000008001a6a       0x24 Drivers/STM32WBxx_HAL_Driver/Src/stm32wbxx_hal_rcc.o
 .text.LL_RCC_LSI1_Enable
                0x0000000008001a8e       0x22 Drivers/STM32WBxx_HAL_Driver/Src/stm32wbxx_hal_rcc.o
 .text.LL_RCC_LSI1_Disable
                0x0000000008001ab0       0x22 Drivers/STM32WBxx_HAL_Driver/Src/stm32wbxx_hal_rcc.o
 .text.LL_RCC_LSI1_IsReady
                0x0000000008001ad2       0x24 Drivers/STM32WBxx_HAL_Driver/Src/stm32wbxx_hal_rcc.o
 .text.LL_RCC_LSI2_Enable
                0x0000000008001af6       0x22 Drivers/STM32WBxx_HAL_Driver/Src/stm32wbxx_hal_rcc.o
 .text.LL_RCC_LSI2_Disable
                0x0000000008001b18       0x22 Drivers/STM32WBxx_HAL_Driver/Src/stm32wbxx_hal_rcc.o
 .text.LL_RCC_LSI2_IsReady
                0x0000000008001b3a       0x24 Drivers/STM32WBxx_HAL_Driver/Src/stm32wbxx_hal_rcc.o
 .text.LL_RCC_LSI2_SetTrimming
                0x0000000008001b5e       0x2e Drivers/STM32WBxx_HAL_Driver/Src/stm32wbxx_hal_rcc.o
 .text.LL_RCC_MSI_Enable
                0x0000000008001b8c       0x1e Drivers/STM32WBxx_HAL_Driver/Src/stm32wbxx_hal_rcc.o
 .text.LL_RCC_MSI_Disable
                0x0000000008001baa       0x1e Drivers/STM32WBxx_HAL_Driver/Src/stm32wbxx_hal_rcc.o
 .text.LL_RCC_MSI_IsReady
                0x0000000008001bc8       0x22 Drivers/STM32WBxx_HAL_Driver/Src/stm32wbxx_hal_rcc.o
 .text.LL_RCC_MSI_SetRange
                0x0000000008001bea       0x28 Drivers/STM32WBxx_HAL_Driver/Src/stm32wbxx_hal_rcc.o
 .text.LL_RCC_MSI_GetRange
                0x0000000008001c12       0x2a Drivers/STM32WBxx_HAL_Driver/Src/stm32wbxx_hal_rcc.o
 .text.LL_RCC_MSI_SetCalibTrimming
                0x0000000008001c3c       0x2a Drivers/STM32WBxx_HAL_Driver/Src/stm32wbxx_hal_rcc.o
 .text.LL_RCC_SetSysClkSource
                0x0000000008001c66       0x28 Drivers/STM32WBxx_HAL_Driver/Src/stm32wbxx_hal_rcc.o
 .text.LL_RCC_GetSysClkSource
                0x0000000008001c8e       0x18 Drivers/STM32WBxx_HAL_Driver/Src/stm32wbxx_hal_rcc.o
 .text.LL_RCC_SetAHBPrescaler
                0x0000000008001ca6       0x28 Drivers/STM32WBxx_HAL_Driver/Src/stm32wbxx_hal_rcc.o
 .text.LL_C2_RCC_SetAHBPrescaler
                0x0000000008001cce       0x2c Drivers/STM32WBxx_HAL_Driver/Src/stm32wbxx_hal_rcc.o
 .text.LL_RCC_SetAHB4Prescaler
                0x0000000008001cfa       0x2e Drivers/STM32WBxx_HAL_Driver/Src/stm32wbxx_hal_rcc.o
 .text.LL_RCC_SetAPB1Prescaler
                0x0000000008001d28       0x28 Drivers/STM32WBxx_HAL_Driver/Src/stm32wbxx_hal_rcc.o
 .text.LL_RCC_SetAPB2Prescaler
                0x0000000008001d50       0x28 Drivers/STM32WBxx_HAL_Driver/Src/stm32wbxx_hal_rcc.o
 .text.LL_RCC_GetAHBPrescaler
                0x0000000008001d78       0x18 Drivers/STM32WBxx_HAL_Driver/Src/stm32wbxx_hal_rcc.o
 .text.LL_RCC_GetAHB4Prescaler
                0x0000000008001d90       0x1c Drivers/STM32WBxx_HAL_Driver/Src/stm32wbxx_hal_rcc.o
 .text.LL_RCC_PLL_Enable
                0x0000000008001dac       0x1e Drivers/STM32WBxx_HAL_Driver/Src/stm32wbxx_hal_rcc.o
 .text.LL_RCC_PLL_Disable
                0x0000000008001dca       0x1e Drivers/STM32WBxx_HAL_Driver/Src/stm32wbxx_hal_rcc.o
 .text.LL_RCC_PLL_IsReady
                0x0000000008001de8       0x24 Drivers/STM32WBxx_HAL_Driver/Src/stm32wbxx_hal_rcc.o
 .text.LL_RCC_PLL_GetN
                0x0000000008001e0c       0x1a Drivers/STM32WBxx_HAL_Driver/Src/stm32wbxx_hal_rcc.o
 .text.LL_RCC_PLL_GetR
                0x0000000008001e26       0x18 Drivers/STM32WBxx_HAL_Driver/Src/stm32wbxx_hal_rcc.o
 .text.LL_RCC_PLL_GetDivider
                0x0000000008001e3e       0x18 Drivers/STM32WBxx_HAL_Driver/Src/stm32wbxx_hal_rcc.o
 .text.LL_RCC_PLL_GetMainSource
                0x0000000008001e56       0x18 Drivers/STM32WBxx_HAL_Driver/Src/stm32wbxx_hal_rcc.o
 .text.LL_RCC_IsActiveFlag_HPRE
                0x0000000008001e6e       0x24 Drivers/STM32WBxx_HAL_Driver/Src/stm32wbxx_hal_rcc.o
 .text.LL_RCC_IsActiveFlag_C2HPRE
                0x0000000008001e92       0x26 Drivers/STM32WBxx_HAL_Driver/Src/stm32wbxx_hal_rcc.o
 .text.LL_RCC_IsActiveFlag_SHDHPRE
                0x0000000008001eb8       0x26 Drivers/STM32WBxx_HAL_Driver/Src/stm32wbxx_hal_rcc.o
 .text.LL_RCC_IsActiveFlag_PPRE1
                0x0000000008001ede       0x24 Drivers/STM32WBxx_HAL_Driver/Src/stm32wbxx_hal_rcc.o
 .text.LL_RCC_IsActiveFlag_PPRE2
                0x0000000008001f02       0x24 Drivers/STM32WBxx_HAL_Driver/Src/stm32wbxx_hal_rcc.o
 *fill*         0x0000000008001f26        0x2 
 .text.HAL_RCC_OscConfig
                0x0000000008001f28      0x69c Drivers/STM32WBxx_HAL_Driver/Src/stm32wbxx_hal_rcc.o
                0x0000000008001f28                HAL_RCC_OscConfig
 .text.HAL_RCC_ClockConfig
                0x00000000080025c4      0x280 Drivers/STM32WBxx_HAL_Driver/Src/stm32wbxx_hal_rcc.o
                0x00000000080025c4                HAL_RCC_ClockConfig
 .text.HAL_RCC_GetSysClockFreq
                0x0000000008002844       0xd8 Drivers/STM32WBxx_HAL_Driver/Src/stm32wbxx_hal_rcc.o
                0x0000000008002844                HAL_RCC_GetSysClockFreq
 .text.HAL_RCC_GetHCLKFreq
                0x000000000800291c       0x28 Drivers/STM32WBxx_HAL_Driver/Src/stm32wbxx_hal_rcc.o
                0x000000000800291c                HAL_RCC_GetHCLKFreq
 .text.RCC_SetFlashLatencyFromMSIRange
                0x0000000008002944       0x6c Drivers/STM32WBxx_HAL_Driver/Src/stm32wbxx_hal_rcc.o
 .text.RCC_SetFlashLatency
                0x00000000080029b0       0xac Drivers/STM32WBxx_HAL_Driver/Src/stm32wbxx_hal_rcc.o
 .text.LL_RCC_LSE_IsEnabled
                0x0000000008002a5c       0x24 Drivers/STM32WBxx_HAL_Driver/Src/stm32wbxx_hal_rcc_ex.o
 .text.LL_RCC_LSE_IsReady
                0x0000000008002a80       0x24 Drivers/STM32WBxx_HAL_Driver/Src/stm32wbxx_hal_rcc_ex.o
 .text.LL_RCC_SetRFWKPClockSource
                0x0000000008002aa4       0x2c Drivers/STM32WBxx_HAL_Driver/Src/stm32wbxx_hal_rcc_ex.o
 .text.LL_RCC_SetSMPSClockSource
                0x0000000008002ad0       0x28 Drivers/STM32WBxx_HAL_Driver/Src/stm32wbxx_hal_rcc_ex.o
 .text.LL_RCC_SetSMPSPrescaler
                0x0000000008002af8       0x28 Drivers/STM32WBxx_HAL_Driver/Src/stm32wbxx_hal_rcc_ex.o
 .text.LL_RCC_SetUSARTClockSource
                0x0000000008002b20       0x2c Drivers/STM32WBxx_HAL_Driver/Src/stm32wbxx_hal_rcc_ex.o
 .text.LL_RCC_SetLPUARTClockSource
                0x0000000008002b4c       0x2c Drivers/STM32WBxx_HAL_Driver/Src/stm32wbxx_hal_rcc_ex.o
 .text.LL_RCC_SetI2CClockSource
                0x0000000008002b78       0x3a Drivers/STM32WBxx_HAL_Driver/Src/stm32wbxx_hal_rcc_ex.o
 .text.LL_RCC_SetLPTIMClockSource
                0x0000000008002bb2       0x34 Drivers/STM32WBxx_HAL_Driver/Src/stm32wbxx_hal_rcc_ex.o
 .text.LL_RCC_SetRNGClockSource
                0x0000000008002be6       0x2c Drivers/STM32WBxx_HAL_Driver/Src/stm32wbxx_hal_rcc_ex.o
 .text.LL_RCC_SetCLK48ClockSource
                0x0000000008002c12       0x2c Drivers/STM32WBxx_HAL_Driver/Src/stm32wbxx_hal_rcc_ex.o
 .text.LL_RCC_SetADCClockSource
                0x0000000008002c3e       0x2c Drivers/STM32WBxx_HAL_Driver/Src/stm32wbxx_hal_rcc_ex.o
 .text.LL_RCC_SetRTCClockSource
                0x0000000008002c6a       0x2c Drivers/STM32WBxx_HAL_Driver/Src/stm32wbxx_hal_rcc_ex.o
 .text.LL_RCC_GetRTCClockSource
                0x0000000008002c96       0x1a Drivers/STM32WBxx_HAL_Driver/Src/stm32wbxx_hal_rcc_ex.o
 .text.LL_RCC_ForceBackupDomainReset
                0x0000000008002cb0       0x22 Drivers/STM32WBxx_HAL_Driver/Src/stm32wbxx_hal_rcc_ex.o
 .text.LL_RCC_ReleaseBackupDomainReset
                0x0000000008002cd2       0x22 Drivers/STM32WBxx_HAL_Driver/Src/stm32wbxx_hal_rcc_ex.o
 .text.HAL_RCCEx_PeriphCLKConfig
                0x0000000008002cf4      0x1ec Drivers/STM32WBxx_HAL_Driver/Src/stm32wbxx_hal_rcc_ex.o
                0x0000000008002cf4                HAL_RCCEx_PeriphCLKConfig
 .text.HAL_RTC_Init
                0x0000000008002ee0      0x13c Drivers/STM32WBxx_HAL_Driver/Src/stm32wbxx_hal_rtc.o
                0x0000000008002ee0                HAL_RTC_Init
 .text.HAL_RTC_WaitForSynchro
                0x000000000800301c       0x4c Drivers/STM32WBxx_HAL_Driver/Src/stm32wbxx_hal_rtc.o
                0x000000000800301c                HAL_RTC_WaitForSynchro
 .text.RTC_EnterInitMode
                0x0000000008003068       0x54 Drivers/STM32WBxx_HAL_Driver/Src/stm32wbxx_hal_rtc.o
                0x0000000008003068                RTC_EnterInitMode
 .text.aci_gap_set_non_discoverable
                0x00000000080030bc       0x48 Middlewares/ST/STM32_WPAN/ble/core/auto/ble_gap_aci.o
                0x00000000080030bc                aci_gap_set_non_discoverable
 .text.aci_gap_set_discoverable
                0x0000000008003104      0x1bc Middlewares/ST/STM32_WPAN/ble/core/auto/ble_gap_aci.o
                0x0000000008003104                aci_gap_set_discoverable
 .text.aci_gap_set_io_capability
                0x00000000080032c0       0x94 Middlewares/ST/STM32_WPAN/ble/core/auto/ble_gap_aci.o
                0x00000000080032c0                aci_gap_set_io_capability
 .text.aci_gap_set_authentication_requirement
                0x0000000008003354      0x150 Middlewares/ST/STM32_WPAN/ble/core/auto/ble_gap_aci.o
                0x0000000008003354                aci_gap_set_authentication_requirement
 .text.aci_gap_init
                0x00000000080034a4      0x116 Middlewares/ST/STM32_WPAN/ble/core/auto/ble_gap_aci.o
                0x00000000080034a4                aci_gap_init
 .text.aci_gap_update_adv_data
                0x00000000080035ba       0xb8 Middlewares/ST/STM32_WPAN/ble/core/auto/ble_gap_aci.o
                0x00000000080035ba                aci_gap_update_adv_data
 .text.aci_gap_configure_whitelist
                0x0000000008003672       0x48 Middlewares/ST/STM32_WPAN/ble/core/auto/ble_gap_aci.o
                0x0000000008003672                aci_gap_configure_whitelist
 .text.aci_gatt_init
                0x00000000080036ba       0x4a Middlewares/ST/STM32_WPAN/ble/core/auto/ble_gatt_aci.o
                0x00000000080036ba                aci_gatt_init
 .text.aci_gatt_add_service
                0x0000000008003704      0x15e Middlewares/ST/STM32_WPAN/ble/core/auto/ble_gatt_aci.o
                0x0000000008003704                aci_gatt_add_service
 .text.aci_gatt_add_char
                0x0000000008003862      0x1d4 Middlewares/ST/STM32_WPAN/ble/core/auto/ble_gatt_aci.o
                0x0000000008003862                aci_gatt_add_char
 .text.aci_gatt_update_char_value
                0x0000000008003a36      0x10e Middlewares/ST/STM32_WPAN/ble/core/auto/ble_gatt_aci.o
                0x0000000008003a36                aci_gatt_update_char_value
 .text.aci_hal_write_config_data
                0x0000000008003b44       0xd2 Middlewares/ST/STM32_WPAN/ble/core/auto/ble_hal_aci.o
                0x0000000008003b44                aci_hal_write_config_data
 .text.aci_hal_set_tx_power_level
                0x0000000008003c16       0xae Middlewares/ST/STM32_WPAN/ble/core/auto/ble_hal_aci.o
                0x0000000008003c16                aci_hal_set_tx_power_level
 .text.aci_hal_set_radio_activity_mask
                0x0000000008003cc4       0x94 Middlewares/ST/STM32_WPAN/ble/core/auto/ble_hal_aci.o
                0x0000000008003cc4                aci_hal_set_radio_activity_mask
 .text.hci_reset
                0x0000000008003d58       0x48 Middlewares/ST/STM32_WPAN/ble/core/auto/ble_hci_le.o
                0x0000000008003d58                hci_reset
 .text.hci_le_read_phy
                0x0000000008003da0       0xd0 Middlewares/ST/STM32_WPAN/ble/core/auto/ble_hci_le.o
                0x0000000008003da0                hci_le_read_phy
 .text.hci_le_set_default_phy
                0x0000000008003e70       0xce Middlewares/ST/STM32_WPAN/ble/core/auto/ble_hci_le.o
                0x0000000008003e70                hci_le_set_default_phy
 .text.Osal_MemCpy
                0x0000000008003f3e       0x20 Middlewares/ST/STM32_WPAN/ble/core/template/osal.o
                0x0000000008003f3e                Osal_MemCpy
 .text.Osal_MemSet
                0x0000000008003f5e       0x20 Middlewares/ST/STM32_WPAN/ble/core/template/osal.o
                0x0000000008003f5e                Osal_MemSet
 *fill*         0x0000000008003f7e        0x2 
 .text.PeerToPeer_Event_Handler
                0x0000000008003f80       0xc8 Middlewares/ST/STM32_WPAN/ble/svc/Src/p2p_stm.o
 .text.P2PS_STM_Init
                0x0000000008004048      0x140 Middlewares/ST/STM32_WPAN/ble/svc/Src/p2p_stm.o
                0x0000000008004048                P2PS_STM_Init
 .text.BAS_Init
                0x0000000008004188        0xe Middlewares/ST/STM32_WPAN/ble/svc/Src/svc_ctl.o
                0x0000000008004188                BAS_Init
 .text.BLS_Init
                0x0000000008004196        0xe Middlewares/ST/STM32_WPAN/ble/svc/Src/svc_ctl.o
                0x0000000008004196                BLS_Init
 .text.CRS_STM_Init
                0x00000000080041a4        0xe Middlewares/ST/STM32_WPAN/ble/svc/Src/svc_ctl.o
                0x00000000080041a4                CRS_STM_Init
 .text.DIS_Init
                0x00000000080041b2        0xe Middlewares/ST/STM32_WPAN/ble/svc/Src/svc_ctl.o
                0x00000000080041b2                DIS_Init
 .text.EDS_STM_Init
                0x00000000080041c0        0xe Middlewares/ST/STM32_WPAN/ble/svc/Src/svc_ctl.o
                0x00000000080041c0                EDS_STM_Init
 .text.HIDS_Init
                0x00000000080041ce        0xe Middlewares/ST/STM32_WPAN/ble/svc/Src/svc_ctl.o
                0x00000000080041ce                HIDS_Init
 .text.HRS_Init
                0x00000000080041dc        0xe Middlewares/ST/STM32_WPAN/ble/svc/Src/svc_ctl.o
                0x00000000080041dc                HRS_Init
 .text.HTS_Init
                0x00000000080041ea        0xe Middlewares/ST/STM32_WPAN/ble/svc/Src/svc_ctl.o
                0x00000000080041ea                HTS_Init
 .text.IAS_Init
                0x00000000080041f8        0xe Middlewares/ST/STM32_WPAN/ble/svc/Src/svc_ctl.o
                0x00000000080041f8                IAS_Init
 .text.LLS_Init
                0x0000000008004206        0xe Middlewares/ST/STM32_WPAN/ble/svc/Src/svc_ctl.o
                0x0000000008004206                LLS_Init
 .text.TPS_Init
                0x0000000008004214        0xe Middlewares/ST/STM32_WPAN/ble/svc/Src/svc_ctl.o
                0x0000000008004214                TPS_Init
 .text.MOTENV_STM_Init
                0x0000000008004222        0xe Middlewares/ST/STM32_WPAN/ble/svc/Src/svc_ctl.o
                0x0000000008004222                MOTENV_STM_Init
 .text.OTAS_STM_Init
                0x0000000008004230        0xe Middlewares/ST/STM32_WPAN/ble/svc/Src/svc_ctl.o
                0x0000000008004230                OTAS_STM_Init
 .text.MESH_Init
                0x000000000800423e        0xe Middlewares/ST/STM32_WPAN/ble/svc/Src/svc_ctl.o
                0x000000000800423e                MESH_Init
 .text.BVOPUS_STM_Init
                0x000000000800424c        0xe Middlewares/ST/STM32_WPAN/ble/svc/Src/svc_ctl.o
                0x000000000800424c                BVOPUS_STM_Init
 .text.SVCCTL_InitCustomSvc
                0x000000000800425a        0xe Middlewares/ST/STM32_WPAN/ble/svc/Src/svc_ctl.o
                0x000000000800425a                SVCCTL_InitCustomSvc
 .text.SVCCTL_Init
                0x0000000008004268       0x20 Middlewares/ST/STM32_WPAN/ble/svc/Src/svc_ctl.o
                0x0000000008004268                SVCCTL_Init
 .text.SVCCTL_SvcInit
                0x0000000008004288       0x4c Middlewares/ST/STM32_WPAN/ble/svc/Src/svc_ctl.o
                0x0000000008004288                SVCCTL_SvcInit
 .text.SVCCTL_RegisterSvcHandler
                0x00000000080042d4       0x34 Middlewares/ST/STM32_WPAN/ble/svc/Src/svc_ctl.o
                0x00000000080042d4                SVCCTL_RegisterSvcHandler
 .text.SVCCTL_UserEvtRx
                0x0000000008004308       0xa8 Middlewares/ST/STM32_WPAN/ble/svc/Src/svc_ctl.o
                0x0000000008004308                SVCCTL_UserEvtRx
 .text.SHCI_C2_BLE_Init
                0x00000000080043b0       0x2e Middlewares/ST/STM32_WPAN/interface/patterns/ble_thread/shci/shci.o
                0x00000000080043b0                SHCI_C2_BLE_Init
 .text.SHCI_C2_DEBUG_Init
                0x00000000080043de       0x2e Middlewares/ST/STM32_WPAN/interface/patterns/ble_thread/shci/shci.o
                0x00000000080043de                SHCI_C2_DEBUG_Init
 .text.hci_init
                0x000000000800440c       0x38 Middlewares/ST/STM32_WPAN/interface/patterns/ble_thread/tl/hci_tl.o
                0x000000000800440c                hci_init
 .text.hci_user_evt_proc
                0x0000000008004444       0x9c Middlewares/ST/STM32_WPAN/interface/patterns/ble_thread/tl/hci_tl.o
                0x0000000008004444                hci_user_evt_proc
 .text.hci_send_req
                0x00000000080044e0       0xfc Middlewares/ST/STM32_WPAN/interface/patterns/ble_thread/tl/hci_tl.o
                0x00000000080044e0                hci_send_req
 .text.TlInit   0x00000000080045dc       0x60 Middlewares/ST/STM32_WPAN/interface/patterns/ble_thread/tl/hci_tl.o
 .text.SendCmd  0x000000000800463c       0x4c Middlewares/ST/STM32_WPAN/interface/patterns/ble_thread/tl/hci_tl.o
 .text.NotifyCmdStatus
                0x0000000008004688       0x40 Middlewares/ST/STM32_WPAN/interface/patterns/ble_thread/tl/hci_tl.o
 .text.TlEvtReceived
                0x00000000080046c8       0x48 Middlewares/ST/STM32_WPAN/interface/patterns/ble_thread/tl/hci_tl.o
 .text.hci_register_io_bus
                0x0000000008004710       0x28 Middlewares/ST/STM32_WPAN/interface/patterns/ble_thread/tl/hci_tl_if.o
                0x0000000008004710                hci_register_io_bus
 .text.shci_init
                0x0000000008004738       0x38 Middlewares/ST/STM32_WPAN/interface/patterns/ble_thread/tl/shci_tl.o
                0x0000000008004738                shci_init
 .text.shci_user_evt_proc
                0x0000000008004770       0x9c Middlewares/ST/STM32_WPAN/interface/patterns/ble_thread/tl/shci_tl.o
                0x0000000008004770                shci_user_evt_proc
 .text.shci_send
                0x000000000800480c       0x7c Middlewares/ST/STM32_WPAN/interface/patterns/ble_thread/tl/shci_tl.o
                0x000000000800480c                shci_send
 .text.TlInit   0x0000000008004888       0x64 Middlewares/ST/STM32_WPAN/interface/patterns/ble_thread/tl/shci_tl.o
 .text.Cmd_SetStatus
                0x00000000080048ec       0x50 Middlewares/ST/STM32_WPAN/interface/patterns/ble_thread/tl/shci_tl.o
 .text.TlCmdEvtReceived
                0x000000000800493c       0x16 Middlewares/ST/STM32_WPAN/interface/patterns/ble_thread/tl/shci_tl.o
 *fill*         0x0000000008004952        0x2 
 .text.TlUserEvtReceived
                0x0000000008004954       0x24 Middlewares/ST/STM32_WPAN/interface/patterns/ble_thread/tl/shci_tl.o
 .text.shci_register_io_bus
                0x0000000008004978       0x28 Middlewares/ST/STM32_WPAN/interface/patterns/ble_thread/tl/shci_tl_if.o
                0x0000000008004978                shci_register_io_bus
 .text.TL_Enable
                0x00000000080049a0        0xc Middlewares/ST/STM32_WPAN/interface/patterns/ble_thread/tl/tl_mbox.o
                0x00000000080049a0                TL_Enable
 .text.TL_Init  0x00000000080049ac       0x74 Middlewares/ST/STM32_WPAN/interface/patterns/ble_thread/tl/tl_mbox.o
                0x00000000080049ac                TL_Init
 .text.TL_BLE_Init
                0x0000000008004a20       0x68 Middlewares/ST/STM32_WPAN/interface/patterns/ble_thread/tl/tl_mbox.o
                0x0000000008004a20                TL_BLE_Init
 .text.TL_BLE_SendCmd
                0x0000000008004a88       0x38 Middlewares/ST/STM32_WPAN/interface/patterns/ble_thread/tl/tl_mbox.o
                0x0000000008004a88                TL_BLE_SendCmd
 .text.TL_SYS_Init
                0x0000000008004ac0       0x54 Middlewares/ST/STM32_WPAN/interface/patterns/ble_thread/tl/tl_mbox.o
                0x0000000008004ac0                TL_SYS_Init
 .text.TL_SYS_SendCmd
                0x0000000008004b14       0x38 Middlewares/ST/STM32_WPAN/interface/patterns/ble_thread/tl/tl_mbox.o
                0x0000000008004b14                TL_SYS_SendCmd
 .text.TL_MM_Init
                0x0000000008004b4c       0x78 Middlewares/ST/STM32_WPAN/interface/patterns/ble_thread/tl/tl_mbox.o
                0x0000000008004b4c                TL_MM_Init
 .text.TL_MM_EvtDone
                0x0000000008004bc4       0x30 Middlewares/ST/STM32_WPAN/interface/patterns/ble_thread/tl/tl_mbox.o
                0x0000000008004bc4                TL_MM_EvtDone
 .text.SendFreeBuf
                0x0000000008004bf4       0x40 Middlewares/ST/STM32_WPAN/interface/patterns/ble_thread/tl/tl_mbox.o
 .text.TL_TRACES_Init
                0x0000000008004c34       0x24 Middlewares/ST/STM32_WPAN/interface/patterns/ble_thread/tl/tl_mbox.o
                0x0000000008004c34                TL_TRACES_Init
 .text.OutputDbgTrace
                0x0000000008004c58       0xac Middlewares/ST/STM32_WPAN/interface/patterns/ble_thread/tl/tl_mbox.o
 .text.OTP_Read
                0x0000000008004d04       0x50 Middlewares/ST/STM32_WPAN/utilities/otp.o
                0x0000000008004d04                OTP_Read
 .text.LST_init_head
                0x0000000008004d54       0x20 Middlewares/ST/STM32_WPAN/utilities/stm_list.o
                0x0000000008004d54                LST_init_head
 .text.LST_is_empty
                0x0000000008004d74       0x44 Middlewares/ST/STM32_WPAN/utilities/stm_list.o
                0x0000000008004d74                LST_is_empty
 .text.LST_insert_head
                0x0000000008004db8       0x4c Middlewares/ST/STM32_WPAN/utilities/stm_list.o
                0x0000000008004db8                LST_insert_head
 .text.LST_insert_tail
                0x0000000008004e04       0x4c Middlewares/ST/STM32_WPAN/utilities/stm_list.o
                0x0000000008004e04                LST_insert_tail
 .text.LST_remove_node
                0x0000000008004e50       0x42 Middlewares/ST/STM32_WPAN/utilities/stm_list.o
                0x0000000008004e50                LST_remove_node
 .text.LST_remove_head
                0x0000000008004e92       0x3e Middlewares/ST/STM32_WPAN/utilities/stm_list.o
                0x0000000008004e92                LST_remove_head
 .text.LL_FLASH_GetUDN
                0x0000000008004ed0       0x18 STM32_WPAN/App/app_ble.o
 .text.LL_FLASH_GetDeviceID
                0x0000000008004ee8       0x18 STM32_WPAN/App/app_ble.o
 .text.LL_FLASH_GetSTCompanyID
                0x0000000008004f00       0x18 STM32_WPAN/App/app_ble.o
 .text.APP_BLE_Init
                0x0000000008004f18       0xd8 STM32_WPAN/App/app_ble.o
                0x0000000008004f18                APP_BLE_Init
 .text.SVCCTL_App_Notification
                0x0000000008004ff0      0x150 STM32_WPAN/App/app_ble.o
                0x0000000008004ff0                SVCCTL_App_Notification
 .text.Ble_Tl_Init
                0x0000000008005140       0x2c STM32_WPAN/App/app_ble.o
 .text.Ble_Hci_Gap_Gatt_Init
                0x000000000800516c      0x184 STM32_WPAN/App/app_ble.o
 .text.Adv_Request
                0x00000000080052f0       0xe0 STM32_WPAN/App/app_ble.o
 .text.BleGetBdAddress
                0x00000000080053d0       0x88 STM32_WPAN/App/app_ble.o
 .text.Adv_Cancel
                0x0000000008005458       0x34 STM32_WPAN/App/app_ble.o
 .text.Adv_Cancel_Req
                0x000000000800548c       0x10 STM32_WPAN/App/app_ble.o
 .text.Switch_OFF_GPIO
                0x000000000800549c        0xe STM32_WPAN/App/app_ble.o
 .text.hci_notify_asynch_evt
                0x00000000080054aa       0x18 STM32_WPAN/App/app_ble.o
                0x00000000080054aa                hci_notify_asynch_evt
 .text.hci_cmd_resp_release
                0x00000000080054c2       0x16 STM32_WPAN/App/app_ble.o
                0x00000000080054c2                hci_cmd_resp_release
 .text.hci_cmd_resp_wait
                0x00000000080054d8       0x16 STM32_WPAN/App/app_ble.o
                0x00000000080054d8                hci_cmd_resp_wait
 .text.BLE_UserEvtRx
                0x00000000080054ee       0x38 STM32_WPAN/App/app_ble.o
 .text.BLE_StatusNot
                0x0000000008005526       0x36 STM32_WPAN/App/app_ble.o
 .text.P2PS_STM_App_Notification
                0x000000000800555c       0x38 STM32_WPAN/App/p2p_server_app.o
                0x000000000800555c                P2PS_STM_App_Notification
 .text.P2PS_APP_Notification
                0x0000000008005594       0x28 STM32_WPAN/App/p2p_server_app.o
                0x0000000008005594                P2PS_APP_Notification
 .text.P2PS_APP_Init
                0x00000000080055bc        0xe STM32_WPAN/App/p2p_server_app.o
                0x00000000080055bc                P2PS_APP_Init
 *fill*         0x00000000080055ca        0x2 
 .text.LL_PWR_EnableBootC2
                0x00000000080055cc       0x20 STM32_WPAN/Target/hw_ipcc.o
 .text.LL_C2_EXTI_EnableEvent_32_63
                0x00000000080055ec       0x28 STM32_WPAN/Target/hw_ipcc.o
 .text.LL_EXTI_EnableRisingTrig_32_63
                0x0000000008005614       0x24 STM32_WPAN/Target/hw_ipcc.o
 .text.LL_AHB3_GRP1_EnableClock
                0x0000000008005638       0x32 STM32_WPAN/Target/hw_ipcc.o
 .text.LL_C2_AHB3_GRP1_EnableClock
                0x000000000800566a       0x38 STM32_WPAN/Target/hw_ipcc.o
 .text.LL_C1_IPCC_EnableIT_TXF
                0x00000000080056a2       0x20 STM32_WPAN/Target/hw_ipcc.o
 .text.LL_C1_IPCC_EnableIT_RXO
                0x00000000080056c2       0x20 STM32_WPAN/Target/hw_ipcc.o
 .text.LL_C1_IPCC_EnableTransmitChannel
                0x00000000080056e2       0x26 STM32_WPAN/Target/hw_ipcc.o
 .text.LL_C1_IPCC_EnableReceiveChannel
                0x0000000008005708       0x24 STM32_WPAN/Target/hw_ipcc.o
 .text.LL_C1_IPCC_SetFlag_CHx
                0x000000000800572c       0x1e STM32_WPAN/Target/hw_ipcc.o
 .text.LL_C1_IPCC_IsActiveFlag_CHx
                0x000000000800574a       0x2a STM32_WPAN/Target/hw_ipcc.o
 .text.HW_IPCC_Enable
                0x0000000008005774       0x28 STM32_WPAN/Target/hw_ipcc.o
                0x0000000008005774                HW_IPCC_Enable
 .text.HW_IPCC_Init
                0x000000000800579c       0x2c STM32_WPAN/Target/hw_ipcc.o
                0x000000000800579c                HW_IPCC_Init
 .text.HW_IPCC_BLE_Init
                0x00000000080057c8       0x14 STM32_WPAN/Target/hw_ipcc.o
                0x00000000080057c8                HW_IPCC_BLE_Init
 .text.HW_IPCC_BLE_SendCmd
                0x00000000080057dc       0x14 STM32_WPAN/Target/hw_ipcc.o
                0x00000000080057dc                HW_IPCC_BLE_SendCmd
 .text.HW_IPCC_SYS_Init
                0x00000000080057f0       0x14 STM32_WPAN/Target/hw_ipcc.o
                0x00000000080057f0                HW_IPCC_SYS_Init
 .text.HW_IPCC_SYS_SendCmd
                0x0000000008005804       0x1c STM32_WPAN/Target/hw_ipcc.o
                0x0000000008005804                HW_IPCC_SYS_SendCmd
 .text.HW_IPCC_MM_SendFreeBuf
                0x0000000008005820       0x44 STM32_WPAN/Target/hw_ipcc.o
                0x0000000008005820                HW_IPCC_MM_SendFreeBuf
 .text.HW_IPCC_TRACES_Init
                0x0000000008005864       0x14 STM32_WPAN/Target/hw_ipcc.o
                0x0000000008005864                HW_IPCC_TRACES_Init
 .text.UTIL_LPM_Init
                0x0000000008005878       0x24 Utilities/lpm/tiny_lpm/stm32_lpm.o
                0x0000000008005878                UTIL_LPM_Init
 .text.UTIL_LPM_SetOffMode
                0x000000000800589c       0x60 Utilities/lpm/tiny_lpm/stm32_lpm.o
                0x000000000800589c                UTIL_LPM_SetOffMode
 .text.UTIL_SEQ_Run
                0x00000000080058fc      0x1c8 Utilities/sequencer/stm32_seq.o
                0x00000000080058fc                UTIL_SEQ_Run
 .text.UTIL_SEQ_RegTask
                0x0000000008005ac4       0x44 Utilities/sequencer/stm32_seq.o
                0x0000000008005ac4                UTIL_SEQ_RegTask
 .text.UTIL_SEQ_SetTask
                0x0000000008005b08       0x58 Utilities/sequencer/stm32_seq.o
                0x0000000008005b08                UTIL_SEQ_SetTask
 .text.UTIL_SEQ_PauseTask
                0x0000000008005b60       0x40 Utilities/sequencer/stm32_seq.o
                0x0000000008005b60                UTIL_SEQ_PauseTask
 .text.UTIL_SEQ_ResumeTask
                0x0000000008005ba0       0x40 Utilities/sequencer/stm32_seq.o
                0x0000000008005ba0                UTIL_SEQ_ResumeTask
 .text.UTIL_SEQ_SetEvt
                0x0000000008005be0       0x40 Utilities/sequencer/stm32_seq.o
                0x0000000008005be0                UTIL_SEQ_SetEvt
 .text.UTIL_SEQ_WaitEvt
                0x0000000008005c20       0x84 Utilities/sequencer/stm32_seq.o
                0x0000000008005c20                UTIL_SEQ_WaitEvt
 .text.UTIL_SEQ_PreIdle
                0x0000000008005ca4        0xe Utilities/sequencer/stm32_seq.o
                0x0000000008005ca4                UTIL_SEQ_PreIdle
 .text.UTIL_SEQ_PostIdle
                0x0000000008005cb2        0xe Utilities/sequencer/stm32_seq.o
                0x0000000008005cb2                UTIL_SEQ_PostIdle
 .text.SEQ_BitPosition
                0x0000000008005cc0       0x74 Utilities/sequencer/stm32_seq.o
                0x0000000008005cc0                SEQ_BitPosition
 .text.__libc_init_array
                0x0000000008005d34       0x48 c:/st/stm32cubeide_1.6.0/stm32cubeide/plugins/com.st.stm32cube.ide.mcu.externaltools.gnu-tools-for-stm32.9-2020-q2-update.win32_1.5.0.202011040924/tools/bin/../lib/gcc/arm-none-eabi/9.3.1/../../../../arm-none-eabi/lib/thumb/v7e-m+fp/hard\libc_nano.a(lib_a-init.o)
                0x0000000008005d34                __libc_init_array
 .text.memcpy   0x0000000008005d7c       0x1c c:/st/stm32cubeide_1.6.0/stm32cubeide/plugins/com.st.stm32cube.ide.mcu.externaltools.gnu-tools-for-stm32.9-2020-q2-update.win32_1.5.0.202011040924/tools/bin/../lib/gcc/arm-none-eabi/9.3.1/../../../../arm-none-eabi/lib/thumb/v7e-m+fp/hard\libc_nano.a(lib_a-memcpy-stub.o)
                0x0000000008005d7c                memcpy
 .text.memset   0x0000000008005d98       0x10 c:/st/stm32cubeide_1.6.0/stm32cubeide/plugins/com.st.stm32cube.ide.mcu.externaltools.gnu-tools-for-stm32.9-2020-q2-update.win32_1.5.0.202011040924/tools/bin/../lib/gcc/arm-none-eabi/9.3.1/../../../../arm-none-eabi/lib/thumb/v7e-m+fp/hard\libc_nano.a(lib_a-memset.o)
                0x0000000008005d98                memset
 *(.glue_7)
 .glue_7        0x0000000008005da8        0x0 linker stubs
 *(.glue_7t)
 .glue_7t       0x0000000008005da8        0x0 linker stubs
 *(.eh_frame)
 .eh_frame      0x0000000008005da8        0x0 c:/st/stm32cubeide_1.6.0/stm32cubeide/plugins/com.st.stm32cube.ide.mcu.externaltools.gnu-tools-for-stm32.9-2020-q2-update.win32_1.5.0.202011040924/tools/bin/../lib/gcc/arm-none-eabi/9.3.1/thumb/v7e-m+fp/hard/crtbegin.o
 *(.init)
 .init          0x0000000008005da8        0x4 c:/st/stm32cubeide_1.6.0/stm32cubeide/plugins/com.st.stm32cube.ide.mcu.externaltools.gnu-tools-for-stm32.9-2020-q2-update.win32_1.5.0.202011040924/tools/bin/../lib/gcc/arm-none-eabi/9.3.1/thumb/v7e-m+fp/hard/crti.o
                0x0000000008005da8                _init
 .init          0x0000000008005dac        0x8 c:/st/stm32cubeide_1.6.0/stm32cubeide/plugins/com.st.stm32cube.ide.mcu.externaltools.gnu-tools-for-stm32.9-2020-q2-update.win32_1.5.0.202011040924/tools/bin/../lib/gcc/arm-none-eabi/9.3.1/thumb/v7e-m+fp/hard/crtn.o
 *(.fini)
 .fini          0x0000000008005db4        0x4 c:/st/stm32cubeide_1.6.0/stm32cubeide/plugins/com.st.stm32cube.ide.mcu.externaltools.gnu-tools-for-stm32.9-2020-q2-update.win32_1.5.0.202011040924/tools/bin/../lib/gcc/arm-none-eabi/9.3.1/thumb/v7e-m+fp/hard/crti.o
                0x0000000008005db4                _fini
 .fini          0x0000000008005db8        0x8 c:/st/stm32cubeide_1.6.0/stm32cubeide/plugins/com.st.stm32cube.ide.mcu.externaltools.gnu-tools-for-stm32.9-2020-q2-update.win32_1.5.0.202011040924/tools/bin/../lib/gcc/arm-none-eabi/9.3.1/thumb/v7e-m+fp/hard/crtn.o
                0x0000000008005dc0                . = ALIGN (0x4)
                0x0000000008005dc0                _etext = .

.vfp11_veneer   0x0000000008005dc0        0x0
 .vfp11_veneer  0x0000000008005dc0        0x0 linker stubs

.v4_bx          0x0000000008005dc0        0x0
 .v4_bx         0x0000000008005dc0        0x0 linker stubs

.iplt           0x0000000008005dc0        0x0
 .iplt          0x0000000008005dc0        0x0 c:/st/stm32cubeide_1.6.0/stm32cubeide/plugins/com.st.stm32cube.ide.mcu.externaltools.gnu-tools-for-stm32.9-2020-q2-update.win32_1.5.0.202011040924/tools/bin/../lib/gcc/arm-none-eabi/9.3.1/thumb/v7e-m+fp/hard/crtbegin.o

.rodata         0x0000000008005dc0      0x244
                0x0000000008005dc0                . = ALIGN (0x4)
 *(.rodata)
 .rodata        0x0000000008005dc0       0x1b Core/Src/app_debug.o
 *fill*         0x0000000008005ddb        0x1 
 .rodata        0x0000000008005ddc       0x20 Drivers/STM32WBxx_HAL_Driver/Src/stm32wbxx_hal_rcc.o
 .rodata        0x0000000008005dfc       0x38 STM32_WPAN/App/app_ble.o
 *(.rodata*)
 .rodata.aGpioConfigList
                0x0000000008005e34      0x110 Core/Src/app_debug.o
 .rodata.AHBPrescTable
                0x0000000008005f44       0x40 Core/Src/system_stm32wbxx.o
                0x0000000008005f44                AHBPrescTable
 .rodata.MSIRangeTable
                0x0000000008005f84       0x40 Core/Src/system_stm32wbxx.o
                0x0000000008005f84                MSIRangeTable
 .rodata.M_bd_addr
                0x0000000008005fc4        0x6 STM32_WPAN/App/app_ble.o
 *fill*         0x0000000008005fca        0x2 
 .rodata.BLE_CFG_IR_VALUE
                0x0000000008005fcc       0x10 STM32_WPAN/App/app_ble.o
 .rodata.BLE_CFG_ER_VALUE
                0x0000000008005fdc       0x10 STM32_WPAN/App/app_ble.o
 .rodata.local_name
                0x0000000008005fec        0x8 STM32_WPAN/App/app_ble.o
 .rodata.SEQ_clz_table_4bit
                0x0000000008005ff4       0x10 Utilities/sequencer/stm32_seq.o
                0x0000000008006004                . = ALIGN (0x4)

.rel.dyn        0x0000000008006004        0x0
 .rel.iplt      0x0000000008006004        0x0 c:/st/stm32cubeide_1.6.0/stm32cubeide/plugins/com.st.stm32cube.ide.mcu.externaltools.gnu-tools-for-stm32.9-2020-q2-update.win32_1.5.0.202011040924/tools/bin/../lib/gcc/arm-none-eabi/9.3.1/thumb/v7e-m+fp/hard/crtbegin.o

.ARM.extab
 *(.ARM.extab* .gnu.linkonce.armextab.*)

.ARM            0x0000000008006004        0x0
                0x0000000008006004                __exidx_start = .
 *(.ARM.exidx*)
                0x0000000008006004                __exidx_end = .

.preinit_array  0x0000000008006004        0x0
                0x0000000008006004                PROVIDE (__preinit_array_start = .)
 *(.preinit_array*)
                0x0000000008006004                PROVIDE (__preinit_array_end = .)

.init_array     0x0000000008006004        0x4
                0x0000000008006004                PROVIDE (__init_array_start = .)
 *(SORT_BY_NAME(.init_array.*))
 *(.init_array*)
 .init_array    0x0000000008006004        0x4 c:/st/stm32cubeide_1.6.0/stm32cubeide/plugins/com.st.stm32cube.ide.mcu.externaltools.gnu-tools-for-stm32.9-2020-q2-update.win32_1.5.0.202011040924/tools/bin/../lib/gcc/arm-none-eabi/9.3.1/thumb/v7e-m+fp/hard/crtbegin.o
                0x0000000008006008                PROVIDE (__init_array_end = .)

.fini_array     0x0000000008006008        0x4
                [!provide]                        PROVIDE (__fini_array_start = .)
 *(SORT_BY_NAME(.fini_array.*))
 *(.fini_array*)
 .fini_array    0x0000000008006008        0x4 c:/st/stm32cubeide_1.6.0/stm32cubeide/plugins/com.st.stm32cube.ide.mcu.externaltools.gnu-tools-for-stm32.9-2020-q2-update.win32_1.5.0.202011040924/tools/bin/../lib/gcc/arm-none-eabi/9.3.1/thumb/v7e-m+fp/hard/crtbegin.o
                [!provide]                        PROVIDE (__fini_array_end = .)
                0x000000000800600c                _sidata = LOADADDR (.data)

.data           0x0000000020000000       0x24 load address 0x000000000800600c
                0x0000000020000000                . = ALIGN (0x4)
                0x0000000020000000                _sdata = .
 *(.data)
 *(.data*)
 .data.SystemCoreClock
                0x0000000020000000        0x4 Core/Src/system_stm32wbxx.o
                0x0000000020000000                SystemCoreClock
 .data.uwTickPrio
                0x0000000020000004        0x4 Drivers/STM32WBxx_HAL_Driver/Src/stm32wbxx_hal.o
                0x0000000020000004                uwTickPrio
 .data.uwTickFreq
                0x0000000020000008        0x1 Drivers/STM32WBxx_HAL_Driver/Src/stm32wbxx_hal.o
                0x0000000020000008                uwTickFreq
 *fill*         0x0000000020000009        0x3 
 .data.manuf_data
                0x000000002000000c        0xe STM32_WPAN/App/app_ble.o
                0x000000002000000c                manuf_data
 *fill*         0x000000002000001a        0x2 
 .data.TaskMask
                0x000000002000001c        0x4 Utilities/sequencer/stm32_seq.o
 .data.SuperMask
                0x0000000020000020        0x4 Utilities/sequencer/stm32_seq.o
 *(.RamFunc)
 *(.RamFunc*)
                0x0000000020000024                . = ALIGN (0x4)
                0x0000000020000024                _edata = .

.igot.plt       0x0000000020000024        0x0 load address 0x0000000008006030
 .igot.plt      0x0000000020000024        0x0 c:/st/stm32cubeide_1.6.0/stm32cubeide/plugins/com.st.stm32cube.ide.mcu.externaltools.gnu-tools-for-stm32.9-2020-q2-update.win32_1.5.0.202011040924/tools/bin/../lib/gcc/arm-none-eabi/9.3.1/thumb/v7e-m+fp/hard/crtbegin.o

TIMERSERVER_CONTEXT
                0x0000000020000024       0x99 load address 0x0000000008006030
 TIMERSERVER_CONTEXT
                0x0000000020000024       0x99 Core/Src/hw_timerserver.o

BLE_DRIVER_CONTEXT
                0x00000000200000c0       0x3d load address 0x00000000080060c9
 BLE_DRIVER_CONTEXT
                0x00000000200000c0        0x6 Middlewares/ST/STM32_WPAN/ble/svc/Src/p2p_stm.o
 *fill*         0x00000000200000c6        0x2 
 BLE_DRIVER_CONTEXT
                0x00000000200000c8       0x21 Middlewares/ST/STM32_WPAN/ble/svc/Src/svc_ctl.o
                0x00000000200000c8                SVCCTL_EvtHandler
                0x00000000200000e8                SVCCTL_CltHandler
 *fill*         0x00000000200000e9        0x3 
 BLE_DRIVER_CONTEXT
                0x00000000200000ec       0x11 Middlewares/ST/STM32_WPAN/interface/patterns/ble_thread/tl/hci_tl.o
                0x00000000200000fc                UserEventFlow

SYSTEM_DRIVER_CONTEXT
                0x0000000020000100       0x11 load address 0x0000000008006106
 SYSTEM_DRIVER_CONTEXT
                0x0000000020000100       0x11 Middlewares/ST/STM32_WPAN/interface/patterns/ble_thread/tl/shci_tl.o
                0x0000000020000110                SHCI_TL_UserEventFlow

BLE_APP_CONTEXT
                0x0000000020000114       0x88 load address 0x0000000008006117
 BLE_APP_CONTEXT
                0x0000000020000114       0x88 STM32_WPAN/App/app_ble.o
                0x000000002000019c                . = ALIGN (0x4)

.bss            0x000000002000019c      0x1b0 load address 0x000000000800619f
                0x000000002000019c                _sbss = .
                0x000000002000019c                __bss_start__ = _sbss
 *(.bss)
 .bss           0x000000002000019c       0x1c c:/st/stm32cubeide_1.6.0/stm32cubeide/plugins/com.st.stm32cube.ide.mcu.externaltools.gnu-tools-for-stm32.9-2020-q2-update.win32_1.5.0.202011040924/tools/bin/../lib/gcc/arm-none-eabi/9.3.1/thumb/v7e-m+fp/hard/crtbegin.o
 *(.bss*)
 .bss.phrtc     0x00000000200001b8        0x4 Core/Src/hw_timerserver.o
 .bss.WakeupTimerDivider
                0x00000000200001bc        0x1 Core/Src/hw_timerserver.o
 .bss.AsynchPrescalerUserConfig
                0x00000000200001bd        0x1 Core/Src/hw_timerserver.o
 .bss.SynchPrescalerUserConfig
                0x00000000200001be        0x2 Core/Src/hw_timerserver.o
 .bss.MaxWakeupTimerSetup
                0x00000000200001c0        0x2 Core/Src/hw_timerserver.o
 *fill*         0x00000000200001c2        0x2 
 .bss.hciContext
                0x00000000200001c4       0x20 Middlewares/ST/STM32_WPAN/interface/patterns/ble_thread/tl/hci_tl.o
 .bss.HciCmdEventQueue
                0x00000000200001e4        0x8 Middlewares/ST/STM32_WPAN/interface/patterns/ble_thread/tl/hci_tl.o
 .bss.StatusNotCallBackFunction
                0x00000000200001ec        0x4 Middlewares/ST/STM32_WPAN/interface/patterns/ble_thread/tl/hci_tl.o
 .bss.shciContext
                0x00000000200001f0       0x20 Middlewares/ST/STM32_WPAN/interface/patterns/ble_thread/tl/shci_tl.o
 .bss.StatusNotCallBackFunction
                0x0000000020000210        0x4 Middlewares/ST/STM32_WPAN/interface/patterns/ble_thread/tl/shci_tl.o
 .bss.LocalFreeBufQueue
                0x0000000020000214        0x8 Middlewares/ST/STM32_WPAN/interface/patterns/ble_thread/tl/tl_mbox.o
 .bss.BLE_IoBusEvtCallBackFunction
                0x000000002000021c        0x4 Middlewares/ST/STM32_WPAN/interface/patterns/ble_thread/tl/tl_mbox.o
 .bss.BLE_IoBusAclDataTxAck
                0x0000000020000220        0x4 Middlewares/ST/STM32_WPAN/interface/patterns/ble_thread/tl/tl_mbox.o
 .bss.SYS_CMD_IoBusCallBackFunction
                0x0000000020000224        0x4 Middlewares/ST/STM32_WPAN/interface/patterns/ble_thread/tl/tl_mbox.o
 .bss.SYS_EVT_IoBusCallBackFunction
                0x0000000020000228        0x4 Middlewares/ST/STM32_WPAN/interface/patterns/ble_thread/tl/tl_mbox.o
 .bss.p_mem_manager_table.13472
                0x000000002000022c        0x4 Middlewares/ST/STM32_WPAN/interface/patterns/ble_thread/tl/tl_mbox.o
 .bss.bd_addr_udn
                0x0000000020000230        0x6 STM32_WPAN/App/app_ble.o
 *fill*         0x0000000020000236        0x2 
 .bss.FreeBufCb
                0x0000000020000238        0x4 STM32_WPAN/Target/hw_ipcc.o
 .bss.StopModeDisable
                0x000000002000023c        0x4 Utilities/lpm/tiny_lpm/stm32_lpm.o
 .bss.OffModeDisable
                0x0000000020000240        0x4 Utilities/lpm/tiny_lpm/stm32_lpm.o
 .bss.TaskSet   0x0000000020000244        0x4 Utilities/sequencer/stm32_seq.o
 .bss.EvtSet    0x0000000020000248        0x4 Utilities/sequencer/stm32_seq.o
 .bss.EvtWaited
                0x000000002000024c        0x4 Utilities/sequencer/stm32_seq.o
 .bss.CurrentTaskIdx
                0x0000000020000250        0x4 Utilities/sequencer/stm32_seq.o
 .bss.TaskCb    0x0000000020000254       0x80 Utilities/sequencer/stm32_seq.o
 .bss.TaskPrio  0x00000000200002d4       0x10 Utilities/sequencer/stm32_seq.o
 *(COMMON)
 COMMON         0x00000000200002e4       0x60 Core/Src/main.o
                0x00000000200002e4                hipcc
                0x0000000020000320                hrtc
 COMMON         0x0000000020000344        0x4 Drivers/STM32WBxx_HAL_Driver/Src/stm32wbxx_hal.o
                0x0000000020000344                uwTick
 COMMON         0x0000000020000348        0x4 STM32_WPAN/App/app_ble.o
                0x0000000020000348                handleNotification
                0x000000002000034c                . = ALIGN (0x4)
                0x000000002000034c                _ebss = .
                0x000000002000034c                __bss_end__ = _ebss

._user_heap_stack
                0x000000002000034c      0x604 load address 0x000000000800619f
                0x0000000020000350                . = ALIGN (0x8)
 *fill*         0x000000002000034c        0x4 
                [!provide]                        PROVIDE (end = .)
                0x0000000020000350                PROVIDE (_end = .)
                0x0000000020000550                . = (. + _Min_Heap_Size)
 *fill*         0x0000000020000350      0x200 
                0x0000000020000950                . = (. + _Min_Stack_Size)
 *fill*         0x0000000020000550      0x400 
                0x0000000020000950                . = ALIGN (0x8)

/DISCARD/
 libc.a(*)
 libm.a(*)
 libgcc.a(*)

.ARM.attributes
                0x0000000000000000       0x30
 *(.ARM.attributes)
 .ARM.attributes
                0x0000000000000000       0x1e c:/st/stm32cubeide_1.6.0/stm32cubeide/plugins/com.st.stm32cube.ide.mcu.externaltools.gnu-tools-for-stm32.9-2020-q2-update.win32_1.5.0.202011040924/tools/bin/../lib/gcc/arm-none-eabi/9.3.1/thumb/v7e-m+fp/hard/crti.o
 .ARM.attributes
                0x000000000000001e       0x34 c:/st/stm32cubeide_1.6.0/stm32cubeide/plugins/com.st.stm32cube.ide.mcu.externaltools.gnu-tools-for-stm32.9-2020-q2-update.win32_1.5.0.202011040924/tools/bin/../lib/gcc/arm-none-eabi/9.3.1/thumb/v7e-m+fp/hard/crtbegin.o
 .ARM.attributes
                0x0000000000000052       0x34 Core/Src/app_debug.o
 .ARM.attributes
                0x0000000000000086       0x34 Core/Src/app_entry.o
 .ARM.attributes
                0x00000000000000ba       0x34 Core/Src/hw_timerserver.o
 .ARM.attributes
                0x00000000000000ee       0x34 Core/Src/main.o
 .ARM.attributes
                0x0000000000000122       0x34 Core/Src/stm32wbxx_hal_msp.o
 .ARM.attributes
                0x0000000000000156       0x34 Core/Src/stm32wbxx_it.o
 .ARM.attributes
                0x000000000000018a       0x34 Core/Src/system_stm32wbxx.o
 .ARM.attributes
                0x00000000000001be       0x21 Core/Startup/startup_stm32wb15ccux.o
 .ARM.attributes
                0x00000000000001df       0x34 Drivers/STM32WBxx_HAL_Driver/Src/stm32wbxx_hal.o
 .ARM.attributes
                0x0000000000000213       0x34 Drivers/STM32WBxx_HAL_Driver/Src/stm32wbxx_hal_cortex.o
 .ARM.attributes
                0x0000000000000247       0x34 Drivers/STM32WBxx_HAL_Driver/Src/stm32wbxx_hal_hsem.o
 .ARM.attributes
                0x000000000000027b       0x34 Drivers/STM32WBxx_HAL_Driver/Src/stm32wbxx_hal_ipcc.o
 .ARM.attributes
                0x00000000000002af       0x34 Drivers/STM32WBxx_HAL_Driver/Src/stm32wbxx_hal_pwr.o
 .ARM.attributes
                0x00000000000002e3       0x34 Drivers/STM32WBxx_HAL_Driver/Src/stm32wbxx_hal_pwr_ex.o
 .ARM.attributes
                0x0000000000000317       0x34 Drivers/STM32WBxx_HAL_Driver/Src/stm32wbxx_hal_rcc.o
 .ARM.attributes
                0x000000000000034b       0x34 Drivers/STM32WBxx_HAL_Driver/Src/stm32wbxx_hal_rcc_ex.o
 .ARM.attributes
                0x000000000000037f       0x34 Drivers/STM32WBxx_HAL_Driver/Src/stm32wbxx_hal_rtc.o
 .ARM.attributes
                0x00000000000003b3       0x34 Middlewares/ST/STM32_WPAN/ble/core/auto/ble_gap_aci.o
 .ARM.attributes
                0x00000000000003e7       0x34 Middlewares/ST/STM32_WPAN/ble/core/auto/ble_gatt_aci.o
 .ARM.attributes
                0x000000000000041b       0x34 Middlewares/ST/STM32_WPAN/ble/core/auto/ble_hal_aci.o
 .ARM.attributes
                0x000000000000044f       0x34 Middlewares/ST/STM32_WPAN/ble/core/auto/ble_hci_le.o
 .ARM.attributes
                0x0000000000000483       0x34 Middlewares/ST/STM32_WPAN/ble/core/template/osal.o
 .ARM.attributes
                0x00000000000004b7       0x34 Middlewares/ST/STM32_WPAN/ble/svc/Src/p2p_stm.o
 .ARM.attributes
                0x00000000000004eb       0x34 Middlewares/ST/STM32_WPAN/ble/svc/Src/svc_ctl.o
 .ARM.attributes
                0x000000000000051f       0x34 Middlewares/ST/STM32_WPAN/interface/patterns/ble_thread/shci/shci.o
 .ARM.attributes
                0x0000000000000553       0x34 Middlewares/ST/STM32_WPAN/interface/patterns/ble_thread/tl/hci_tl.o
 .ARM.attributes
                0x0000000000000587       0x34 Middlewares/ST/STM32_WPAN/interface/patterns/ble_thread/tl/hci_tl_if.o
 .ARM.attributes
                0x00000000000005bb       0x34 Middlewares/ST/STM32_WPAN/interface/patterns/ble_thread/tl/shci_tl.o
 .ARM.attributes
                0x00000000000005ef       0x34 Middlewares/ST/STM32_WPAN/interface/patterns/ble_thread/tl/shci_tl_if.o
 .ARM.attributes
                0x0000000000000623       0x34 Middlewares/ST/STM32_WPAN/interface/patterns/ble_thread/tl/tl_mbox.o
 .ARM.attributes
                0x0000000000000657       0x34 Middlewares/ST/STM32_WPAN/utilities/otp.o
 .ARM.attributes
                0x000000000000068b       0x34 Middlewares/ST/STM32_WPAN/utilities/stm_list.o
 .ARM.attributes
                0x00000000000006bf       0x34 STM32_WPAN/App/app_ble.o
 .ARM.attributes
                0x00000000000006f3       0x34 STM32_WPAN/App/p2p_server_app.o
 .ARM.attributes
                0x0000000000000727       0x34 STM32_WPAN/Target/hw_ipcc.o
 .ARM.attributes
                0x000000000000075b       0x34 Utilities/lpm/tiny_lpm/stm32_lpm.o
 .ARM.attributes
                0x000000000000078f       0x34 Utilities/sequencer/stm32_seq.o
 .ARM.attributes
                0x00000000000007c3       0x34 c:/st/stm32cubeide_1.6.0/stm32cubeide/plugins/com.st.stm32cube.ide.mcu.externaltools.gnu-tools-for-stm32.9-2020-q2-update.win32_1.5.0.202011040924/tools/bin/../lib/gcc/arm-none-eabi/9.3.1/../../../../arm-none-eabi/lib/thumb/v7e-m+fp/hard\libc_nano.a(lib_a-init.o)
 .ARM.attributes
                0x00000000000007f7       0x34 c:/st/stm32cubeide_1.6.0/stm32cubeide/plugins/com.st.stm32cube.ide.mcu.externaltools.gnu-tools-for-stm32.9-2020-q2-update.win32_1.5.0.202011040924/tools/bin/../lib/gcc/arm-none-eabi/9.3.1/../../../../arm-none-eabi/lib/thumb/v7e-m+fp/hard\libc_nano.a(lib_a-memcpy-stub.o)
 .ARM.attributes
                0x000000000000082b       0x34 c:/st/stm32cubeide_1.6.0/stm32cubeide/plugins/com.st.stm32cube.ide.mcu.externaltools.gnu-tools-for-stm32.9-2020-q2-update.win32_1.5.0.202011040924/tools/bin/../lib/gcc/arm-none-eabi/9.3.1/../../../../arm-none-eabi/lib/thumb/v7e-m+fp/hard\libc_nano.a(lib_a-memset.o)
 .ARM.attributes
                0x000000000000085f       0x17 c:/st/stm32cubeide_1.6.0/stm32cubeide/plugins/com.st.stm32cube.ide.mcu.externaltools.gnu-tools-for-stm32.9-2020-q2-update.win32_1.5.0.202011040924/tools/bin/../lib/gcc/arm-none-eabi/9.3.1/../../../../arm-none-eabi/lib/thumb/v7e-m+fp/hard\libc_nano.a(lib_a-strlen.o)
 .ARM.attributes
                0x0000000000000876       0x1e c:/st/stm32cubeide_1.6.0/stm32cubeide/plugins/com.st.stm32cube.ide.mcu.externaltools.gnu-tools-for-stm32.9-2020-q2-update.win32_1.5.0.202011040924/tools/bin/../lib/gcc/arm-none-eabi/9.3.1/thumb/v7e-m+fp/hard/crtn.o

MAPPING_TABLE   0x0000000020030000       0x28
 *(MAPPING_TABLE)
 MAPPING_TABLE  0x0000000020030000       0x28 Middlewares/ST/STM32_WPAN/interface/patterns/ble_thread/tl/tl_mbox.o

MB_MEM1         0x0000000020030028      0x1b7
 *(MB_MEM1)
 MB_MEM1        0x0000000020030028       0xac Middlewares/ST/STM32_WPAN/interface/patterns/ble_thread/tl/tl_mbox.o
 MB_MEM1        0x00000000200300d4      0x10b STM32_WPAN/App/app_ble.o

MB_MEM2         0x00000000200301e0      0x877
                0x00000000200301e0                _sMB_MEM2 = .
 *(MB_MEM2)
 MB_MEM2        0x00000000200301e0        0x8 Core/Src/app_debug.o
 MB_MEM2        0x00000000200301e8      0x85e Core/Src/app_entry.o
 *fill*         0x0000000020030a46        0x2 
 MB_MEM2        0x0000000020030a48        0xf Middlewares/ST/STM32_WPAN/interface/patterns/ble_thread/tl/tl_mbox.o
                0x0000000020030a57                _eMB_MEM2 = .
OUTPUT(UV_Sense_BLE.elf elf32-littlearm)
LOAD linker stubs
LOAD c:/st/stm32cubeide_1.6.0/stm32cubeide/plugins/com.st.stm32cube.ide.mcu.externaltools.gnu-tools-for-stm32.9-2020-q2-update.win32_1.5.0.202011040924/tools/bin/../lib/gcc/arm-none-eabi/9.3.1/../../../../arm-none-eabi/lib/thumb/v7e-m+fp/hard\libc.a
LOAD c:/st/stm32cubeide_1.6.0/stm32cubeide/plugins/com.st.stm32cube.ide.mcu.externaltools.gnu-tools-for-stm32.9-2020-q2-update.win32_1.5.0.202011040924/tools/bin/../lib/gcc/arm-none-eabi/9.3.1/../../../../arm-none-eabi/lib/thumb/v7e-m+fp/hard\libm.a
LOAD c:/st/stm32cubeide_1.6.0/stm32cubeide/plugins/com.st.stm32cube.ide.mcu.externaltools.gnu-tools-for-stm32.9-2020-q2-update.win32_1.5.0.202011040924/tools/bin/../lib/gcc/arm-none-eabi/9.3.1/thumb/v7e-m+fp/hard\libgcc.a

.debug_info     0x0000000000000000    0x2ea55
 .debug_info    0x0000000000000000     0x14d6 Core/Src/app_debug.o
 .debug_info    0x00000000000014d6     0x1942 Core/Src/app_entry.o
 .debug_info    0x0000000000002e18     0x1bf9 Core/Src/hw_timerserver.o
 .debug_info    0x0000000000004a11     0x1345 Core/Src/main.o
 .debug_info    0x0000000000005d56     0x1615 Core/Src/stm32wbxx_hal_msp.o
 .debug_info    0x000000000000736b      0xb98 Core/Src/stm32wbxx_it.o
 .debug_info    0x0000000000007f03      0x85f Core/Src/system_stm32wbxx.o
 .debug_info    0x0000000000008762       0x22 Core/Startup/startup_stm32wb15ccux.o
 .debug_info    0x0000000000008784     0x1228 Drivers/STM32WBxx_HAL_Driver/Src/stm32wbxx_hal.o
 .debug_info    0x00000000000099ac      0xe65 Drivers/STM32WBxx_HAL_Driver/Src/stm32wbxx_hal_cortex.o
 .debug_info    0x000000000000a811      0x587 Drivers/STM32WBxx_HAL_Driver/Src/stm32wbxx_hal_hsem.o
 .debug_info    0x000000000000ad98      0x9cd Drivers/STM32WBxx_HAL_Driver/Src/stm32wbxx_hal_ipcc.o
 .debug_info    0x000000000000b765      0xaa1 Drivers/STM32WBxx_HAL_Driver/Src/stm32wbxx_hal_pwr.o
 .debug_info    0x000000000000c206     0x101f Drivers/STM32WBxx_HAL_Driver/Src/stm32wbxx_hal_pwr_ex.o
 .debug_info    0x000000000000d225     0x1611 Drivers/STM32WBxx_HAL_Driver/Src/stm32wbxx_hal_rcc.o
 .debug_info    0x000000000000e836     0x169f Drivers/STM32WBxx_HAL_Driver/Src/stm32wbxx_hal_rcc_ex.o
 .debug_info    0x000000000000fed5      0xe60 Drivers/STM32WBxx_HAL_Driver/Src/stm32wbxx_hal_rtc.o
 .debug_info    0x0000000000010d35     0x36ef Middlewares/ST/STM32_WPAN/ble/core/auto/ble_gap_aci.o
 .debug_info    0x0000000000014424     0x3acc Middlewares/ST/STM32_WPAN/ble/core/auto/ble_gatt_aci.o
 .debug_info    0x0000000000017ef0     0x16c1 Middlewares/ST/STM32_WPAN/ble/core/auto/ble_hal_aci.o
 .debug_info    0x00000000000195b1     0x3c46 Middlewares/ST/STM32_WPAN/ble/core/auto/ble_hci_le.o
 .debug_info    0x000000000001d1f7      0x9f2 Middlewares/ST/STM32_WPAN/ble/core/template/osal.o
 .debug_info    0x000000000001dbe9      0xfd8 Middlewares/ST/STM32_WPAN/ble/svc/Src/p2p_stm.o
 .debug_info    0x000000000001ebc1      0xfc8 Middlewares/ST/STM32_WPAN/ble/svc/Src/svc_ctl.o
 .debug_info    0x000000000001fb89     0x23ca Middlewares/ST/STM32_WPAN/interface/patterns/ble_thread/shci/shci.o
 .debug_info    0x0000000000021f53     0x1318 Middlewares/ST/STM32_WPAN/interface/patterns/ble_thread/tl/hci_tl.o
 .debug_info    0x000000000002326b      0xa6a Middlewares/ST/STM32_WPAN/interface/patterns/ble_thread/tl/hci_tl_if.o
 .debug_info    0x0000000000023cd5      0xfe9 Middlewares/ST/STM32_WPAN/interface/patterns/ble_thread/tl/shci_tl.o
 .debug_info    0x0000000000024cbe      0xa6a Middlewares/ST/STM32_WPAN/interface/patterns/ble_thread/tl/shci_tl_if.o
 .debug_info    0x0000000000025728     0x1781 Middlewares/ST/STM32_WPAN/interface/patterns/ble_thread/tl/tl_mbox.o
 .debug_info    0x0000000000026ea9      0xb3a Middlewares/ST/STM32_WPAN/utilities/otp.o
 .debug_info    0x00000000000279e3     0x11a3 Middlewares/ST/STM32_WPAN/utilities/stm_list.o
 .debug_info    0x0000000000028b86     0x1b89 STM32_WPAN/App/app_ble.o
 .debug_info    0x000000000002a70f      0xd42 STM32_WPAN/App/p2p_server_app.o
 .debug_info    0x000000000002b451     0x1832 STM32_WPAN/Target/hw_ipcc.o
 .debug_info    0x000000000002cc83      0xc8a Utilities/lpm/tiny_lpm/stm32_lpm.o
 .debug_info    0x000000000002d90d     0x1148 Utilities/sequencer/stm32_seq.o

.debug_abbrev   0x0000000000000000     0x58c6
 .debug_abbrev  0x0000000000000000      0x2c0 Core/Src/app_debug.o
 .debug_abbrev  0x00000000000002c0      0x30c Core/Src/app_entry.o
 .debug_abbrev  0x00000000000005cc      0x3ad Core/Src/hw_timerserver.o
 .debug_abbrev  0x0000000000000979      0x2a1 Core/Src/main.o
 .debug_abbrev  0x0000000000000c1a      0x270 Core/Src/stm32wbxx_hal_msp.o
 .debug_abbrev  0x0000000000000e8a      0x1d1 Core/Src/stm32wbxx_it.o
 .debug_abbrev  0x000000000000105b      0x185 Core/Src/system_stm32wbxx.o
 .debug_abbrev  0x00000000000011e0       0x12 Core/Startup/startup_stm32wb15ccux.o
 .debug_abbrev  0x00000000000011f2      0x305 Drivers/STM32WBxx_HAL_Driver/Src/stm32wbxx_hal.o
 .debug_abbrev  0x00000000000014f7      0x333 Drivers/STM32WBxx_HAL_Driver/Src/stm32wbxx_hal_cortex.o
 .debug_abbrev  0x000000000000182a      0x22e Drivers/STM32WBxx_HAL_Driver/Src/stm32wbxx_hal_hsem.o
 .debug_abbrev  0x0000000000001a58      0x272 Drivers/STM32WBxx_HAL_Driver/Src/stm32wbxx_hal_ipcc.o
 .debug_abbrev  0x0000000000001cca      0x1dd Drivers/STM32WBxx_HAL_Driver/Src/stm32wbxx_hal_pwr.o
 .debug_abbrev  0x0000000000001ea7      0x2c9 Drivers/STM32WBxx_HAL_Driver/Src/stm32wbxx_hal_pwr_ex.o
 .debug_abbrev  0x0000000000002170      0x27c Drivers/STM32WBxx_HAL_Driver/Src/stm32wbxx_hal_rcc.o
 .debug_abbrev  0x00000000000023ec      0x2e3 Drivers/STM32WBxx_HAL_Driver/Src/stm32wbxx_hal_rcc_ex.o
 .debug_abbrev  0x00000000000026cf      0x1db Drivers/STM32WBxx_HAL_Driver/Src/stm32wbxx_hal_rtc.o
 .debug_abbrev  0x00000000000028aa      0x234 Middlewares/ST/STM32_WPAN/ble/core/auto/ble_gap_aci.o
 .debug_abbrev  0x0000000000002ade      0x23d Middlewares/ST/STM32_WPAN/ble/core/auto/ble_gatt_aci.o
 .debug_abbrev  0x0000000000002d1b      0x234 Middlewares/ST/STM32_WPAN/ble/core/auto/ble_hal_aci.o
 .debug_abbrev  0x0000000000002f4f      0x229 Middlewares/ST/STM32_WPAN/ble/core/auto/ble_hci_le.o
 .debug_abbrev  0x0000000000003178      0x1c8 Middlewares/ST/STM32_WPAN/ble/core/template/osal.o
 .debug_abbrev  0x0000000000003340      0x259 Middlewares/ST/STM32_WPAN/ble/svc/Src/p2p_stm.o
 .debug_abbrev  0x0000000000003599      0x253 Middlewares/ST/STM32_WPAN/ble/svc/Src/svc_ctl.o
 .debug_abbrev  0x00000000000037ec      0x26e Middlewares/ST/STM32_WPAN/interface/patterns/ble_thread/shci/shci.o
 .debug_abbrev  0x0000000000003a5a      0x2cc Middlewares/ST/STM32_WPAN/interface/patterns/ble_thread/tl/hci_tl.o
 .debug_abbrev  0x0000000000003d26      0x1b0 Middlewares/ST/STM32_WPAN/interface/patterns/ble_thread/tl/hci_tl_if.o
 .debug_abbrev  0x0000000000003ed6      0x270 Middlewares/ST/STM32_WPAN/interface/patterns/ble_thread/tl/shci_tl.o
 .debug_abbrev  0x0000000000004146      0x1b0 Middlewares/ST/STM32_WPAN/interface/patterns/ble_thread/tl/shci_tl_if.o
 .debug_abbrev  0x00000000000042f6      0x2f1 Middlewares/ST/STM32_WPAN/interface/patterns/ble_thread/tl/tl_mbox.o
 .debug_abbrev  0x00000000000045e7      0x1dd Middlewares/ST/STM32_WPAN/utilities/otp.o
 .debug_abbrev  0x00000000000047c4      0x2b3 Middlewares/ST/STM32_WPAN/utilities/stm_list.o
 .debug_abbrev  0x0000000000004a77      0x33d STM32_WPAN/App/app_ble.o
 .debug_abbrev  0x0000000000004db4      0x1e4 STM32_WPAN/App/p2p_server_app.o
 .debug_abbrev  0x0000000000004f98      0x327 STM32_WPAN/Target/hw_ipcc.o
 .debug_abbrev  0x00000000000052bf      0x2c6 Utilities/lpm/tiny_lpm/stm32_lpm.o
 .debug_abbrev  0x0000000000005585      0x341 Utilities/sequencer/stm32_seq.o

.debug_aranges  0x0000000000000000     0x1ca8
 .debug_aranges
                0x0000000000000000       0x50 Core/Src/app_debug.o
 .debug_aranges
                0x0000000000000050       0x78 Core/Src/app_entry.o
 .debug_aranges
                0x00000000000000c8       0xa8 Core/Src/hw_timerserver.o
 .debug_aranges
                0x0000000000000170       0x50 Core/Src/main.o
 .debug_aranges
                0x00000000000001c0       0x70 Core/Src/stm32wbxx_hal_msp.o
 .debug_aranges
                0x0000000000000230       0x68 Core/Src/stm32wbxx_it.o
 .debug_aranges
                0x0000000000000298       0x28 Core/Src/system_stm32wbxx.o
 .debug_aranges
                0x00000000000002c0       0x30 Core/Startup/startup_stm32wb15ccux.o
 .debug_aranges
                0x00000000000002f0      0x218 Drivers/STM32WBxx_HAL_Driver/Src/stm32wbxx_hal.o
 .debug_aranges
                0x0000000000000508      0x108 Drivers/STM32WBxx_HAL_Driver/Src/stm32wbxx_hal_cortex.o
 .debug_aranges
                0x0000000000000610       0x70 Drivers/STM32WBxx_HAL_Driver/Src/stm32wbxx_hal_hsem.o
 .debug_aranges
                0x0000000000000680       0xa0 Drivers/STM32WBxx_HAL_Driver/Src/stm32wbxx_hal_ipcc.o
 .debug_aranges
                0x0000000000000720       0xd0 Drivers/STM32WBxx_HAL_Driver/Src/stm32wbxx_hal_pwr.o
 .debug_aranges
                0x00000000000007f0      0x1f8 Drivers/STM32WBxx_HAL_Driver/Src/stm32wbxx_hal_pwr_ex.o
 .debug_aranges
                0x00000000000009e8      0x270 Drivers/STM32WBxx_HAL_Driver/Src/stm32wbxx_hal_rcc.o
 .debug_aranges
                0x0000000000000c58      0x250 Drivers/STM32WBxx_HAL_Driver/Src/stm32wbxx_hal_rcc_ex.o
 .debug_aranges
                0x0000000000000ea8       0xb8 Drivers/STM32WBxx_HAL_Driver/Src/stm32wbxx_hal_rtc.o
 .debug_aranges
                0x0000000000000f60      0x168 Middlewares/ST/STM32_WPAN/ble/core/auto/ble_gap_aci.o
 .debug_aranges
                0x00000000000010c8      0x180 Middlewares/ST/STM32_WPAN/ble/core/auto/ble_gatt_aci.o
 .debug_aranges
                0x0000000000001248       0xb8 Middlewares/ST/STM32_WPAN/ble/core/auto/ble_hal_aci.o
 .debug_aranges
                0x0000000000001300      0x218 Middlewares/ST/STM32_WPAN/ble/core/auto/ble_hci_le.o
 .debug_aranges
                0x0000000000001518       0x30 Middlewares/ST/STM32_WPAN/ble/core/template/osal.o
 .debug_aranges
                0x0000000000001548       0x30 Middlewares/ST/STM32_WPAN/ble/svc/Src/p2p_stm.o
 .debug_aranges
                0x0000000000001578       0xc8 Middlewares/ST/STM32_WPAN/ble/svc/Src/svc_ctl.o
 .debug_aranges
                0x0000000000001640      0x110 Middlewares/ST/STM32_WPAN/interface/patterns/ble_thread/shci/shci.o
 .debug_aranges
                0x0000000000001750       0x68 Middlewares/ST/STM32_WPAN/interface/patterns/ble_thread/tl/hci_tl.o
 .debug_aranges
                0x00000000000017b8       0x20 Middlewares/ST/STM32_WPAN/interface/patterns/ble_thread/tl/hci_tl_if.o
 .debug_aranges
                0x00000000000017d8       0x68 Middlewares/ST/STM32_WPAN/interface/patterns/ble_thread/tl/shci_tl.o
 .debug_aranges
                0x0000000000001840       0x20 Middlewares/ST/STM32_WPAN/interface/patterns/ble_thread/tl/shci_tl_if.o
 .debug_aranges
                0x0000000000001860       0xa8 Middlewares/ST/STM32_WPAN/interface/patterns/ble_thread/tl/tl_mbox.o
 .debug_aranges
                0x0000000000001908       0x20 Middlewares/ST/STM32_WPAN/utilities/otp.o
 .debug_aranges
                0x0000000000001928       0x78 Middlewares/ST/STM32_WPAN/utilities/stm_list.o
 .debug_aranges
                0x00000000000019a0       0xb0 STM32_WPAN/App/app_ble.o
 .debug_aranges
                0x0000000000001a50       0x30 STM32_WPAN/App/p2p_server_app.o
 .debug_aranges
                0x0000000000001a80      0x138 STM32_WPAN/Target/hw_ipcc.o
 .debug_aranges
                0x0000000000001bb8       0x48 Utilities/lpm/tiny_lpm/stm32_lpm.o
 .debug_aranges
                0x0000000000001c00       0xa8 Utilities/sequencer/stm32_seq.o

.debug_ranges   0x0000000000000000     0x1a60
 .debug_ranges  0x0000000000000000       0x40 Core/Src/app_debug.o
 .debug_ranges  0x0000000000000040       0x68 Core/Src/app_entry.o
 .debug_ranges  0x00000000000000a8       0x98 Core/Src/hw_timerserver.o
 .debug_ranges  0x0000000000000140       0x40 Core/Src/main.o
 .debug_ranges  0x0000000000000180       0x60 Core/Src/stm32wbxx_hal_msp.o
 .debug_ranges  0x00000000000001e0       0x58 Core/Src/stm32wbxx_it.o
 .debug_ranges  0x0000000000000238       0x18 Core/Src/system_stm32wbxx.o
 .debug_ranges  0x0000000000000250       0x28 Core/Startup/startup_stm32wb15ccux.o
 .debug_ranges  0x0000000000000278      0x208 Drivers/STM32WBxx_HAL_Driver/Src/stm32wbxx_hal.o
 .debug_ranges  0x0000000000000480       0xf8 Drivers/STM32WBxx_HAL_Driver/Src/stm32wbxx_hal_cortex.o
 .debug_ranges  0x0000000000000578       0x60 Drivers/STM32WBxx_HAL_Driver/Src/stm32wbxx_hal_hsem.o
 .debug_ranges  0x00000000000005d8       0x90 Drivers/STM32WBxx_HAL_Driver/Src/stm32wbxx_hal_ipcc.o
 .debug_ranges  0x0000000000000668       0xc0 Drivers/STM32WBxx_HAL_Driver/Src/stm32wbxx_hal_pwr.o
 .debug_ranges  0x0000000000000728      0x1e8 Drivers/STM32WBxx_HAL_Driver/Src/stm32wbxx_hal_pwr_ex.o
 .debug_ranges  0x0000000000000910      0x260 Drivers/STM32WBxx_HAL_Driver/Src/stm32wbxx_hal_rcc.o
 .debug_ranges  0x0000000000000b70      0x240 Drivers/STM32WBxx_HAL_Driver/Src/stm32wbxx_hal_rcc_ex.o
 .debug_ranges  0x0000000000000db0       0xa8 Drivers/STM32WBxx_HAL_Driver/Src/stm32wbxx_hal_rtc.o
 .debug_ranges  0x0000000000000e58      0x158 Middlewares/ST/STM32_WPAN/ble/core/auto/ble_gap_aci.o
 .debug_ranges  0x0000000000000fb0      0x170 Middlewares/ST/STM32_WPAN/ble/core/auto/ble_gatt_aci.o
 .debug_ranges  0x0000000000001120       0xa8 Middlewares/ST/STM32_WPAN/ble/core/auto/ble_hal_aci.o
 .debug_ranges  0x00000000000011c8      0x208 Middlewares/ST/STM32_WPAN/ble/core/auto/ble_hci_le.o
 .debug_ranges  0x00000000000013d0       0x20 Middlewares/ST/STM32_WPAN/ble/core/template/osal.o
 .debug_ranges  0x00000000000013f0       0x20 Middlewares/ST/STM32_WPAN/ble/svc/Src/p2p_stm.o
 .debug_ranges  0x0000000000001410       0xb8 Middlewares/ST/STM32_WPAN/ble/svc/Src/svc_ctl.o
 .debug_ranges  0x00000000000014c8      0x100 Middlewares/ST/STM32_WPAN/interface/patterns/ble_thread/shci/shci.o
 .debug_ranges  0x00000000000015c8       0x58 Middlewares/ST/STM32_WPAN/interface/patterns/ble_thread/tl/hci_tl.o
 .debug_ranges  0x0000000000001620       0x10 Middlewares/ST/STM32_WPAN/interface/patterns/ble_thread/tl/hci_tl_if.o
 .debug_ranges  0x0000000000001630       0x58 Middlewares/ST/STM32_WPAN/interface/patterns/ble_thread/tl/shci_tl.o
 .debug_ranges  0x0000000000001688       0x10 Middlewares/ST/STM32_WPAN/interface/patterns/ble_thread/tl/shci_tl_if.o
 .debug_ranges  0x0000000000001698       0x98 Middlewares/ST/STM32_WPAN/interface/patterns/ble_thread/tl/tl_mbox.o
 .debug_ranges  0x0000000000001730       0x10 Middlewares/ST/STM32_WPAN/utilities/otp.o
 .debug_ranges  0x0000000000001740       0x68 Middlewares/ST/STM32_WPAN/utilities/stm_list.o
 .debug_ranges  0x00000000000017a8       0xa0 STM32_WPAN/App/app_ble.o
 .debug_ranges  0x0000000000001848       0x20 STM32_WPAN/App/p2p_server_app.o
 .debug_ranges  0x0000000000001868      0x128 STM32_WPAN/Target/hw_ipcc.o
 .debug_ranges  0x0000000000001990       0x38 Utilities/lpm/tiny_lpm/stm32_lpm.o
 .debug_ranges  0x00000000000019c8       0x98 Utilities/sequencer/stm32_seq.o

.debug_macro    0x0000000000000000    0x25451
 .debug_macro   0x0000000000000000      0x4ff Core/Src/app_debug.o
 .debug_macro   0x00000000000004ff      0xaa8 Core/Src/app_debug.o
 .debug_macro   0x0000000000000fa7       0x22 Core/Src/app_debug.o
 .debug_macro   0x0000000000000fc9       0x8e Core/Src/app_debug.o
 .debug_macro   0x0000000000001057       0x51 Core/Src/app_debug.o
 .debug_macro   0x00000000000010a8      0x103 Core/Src/app_debug.o
 .debug_macro   0x00000000000011ab       0x6a Core/Src/app_debug.o
 .debug_macro   0x0000000000001215      0x1df Core/Src/app_debug.o
 .debug_macro   0x00000000000013f4       0x52 Core/Src/app_debug.o
 .debug_macro   0x0000000000001446       0x18 Core/Src/app_debug.o
 .debug_macro   0x000000000000145e       0x3c Core/Src/app_debug.o
 .debug_macro   0x000000000000149a       0x34 Core/Src/app_debug.o
 .debug_macro   0x00000000000014ce      0x174 Core/Src/app_debug.o
 .debug_macro   0x0000000000001642       0x16 Core/Src/app_debug.o
 .debug_macro   0x0000000000001658       0x43 Core/Src/app_debug.o
 .debug_macro   0x000000000000169b       0x34 Core/Src/app_debug.o
 .debug_macro   0x00000000000016cf       0x10 Core/Src/app_debug.o
 .debug_macro   0x00000000000016df       0x58 Core/Src/app_debug.o
 .debug_macro   0x0000000000001737       0x71 Core/Src/app_debug.o
 .debug_macro   0x00000000000017a8       0x1c Core/Src/app_debug.o
 .debug_macro   0x00000000000017c4      0x12a Core/Src/app_debug.o
 .debug_macro   0x00000000000018ee      0x339 Core/Src/app_debug.o
 .debug_macro   0x0000000000001c27       0x10 Core/Src/app_debug.o
 .debug_macro   0x0000000000001c37       0x35 Core/Src/app_debug.o
 .debug_macro   0x0000000000001c6c       0x20 Core/Src/app_debug.o
 .debug_macro   0x0000000000001c8c       0x1c Core/Src/app_debug.o
 .debug_macro   0x0000000000001ca8       0x10 Core/Src/app_debug.o
 .debug_macro   0x0000000000001cb8       0x10 Core/Src/app_debug.o
 .debug_macro   0x0000000000001cc8       0x1c Core/Src/app_debug.o
 .debug_macro   0x0000000000001ce4       0x52 Core/Src/app_debug.o
 .debug_macro   0x0000000000001d36       0x22 Core/Src/app_debug.o
 .debug_macro   0x0000000000001d58       0x10 Core/Src/app_debug.o
 .debug_macro   0x0000000000001d68       0x40 Core/Src/app_debug.o
 .debug_macro   0x0000000000001da8       0xd5 Core/Src/app_debug.o
 .debug_macro   0x0000000000001e7d       0x1c Core/Src/app_debug.o
 .debug_macro   0x0000000000001e99       0x3d Core/Src/app_debug.o
 .debug_macro   0x0000000000001ed6       0x16 Core/Src/app_debug.o
 .debug_macro   0x0000000000001eec      0x145 Core/Src/app_debug.o