stm32wbxx_ll_pwr.h:1664:22:LL_C2_PWR_SetPowerMode	16	static
stm32wbxx_ll_rcc.h:2331:22:LL_RCC_SetClkAfterWakeFromStop	16	static
app_entry.c:77:6:APPE_Init	8	static
app_entry.c:116:13:SystemPower_Config	8	static
app_entry.c:142:13:appe_Tl_Init	40	static
app_entry.c:167:13:APPE_SysStatusNot	16	static
app_entry.c:182:13:APPE_SysUserEvtRx	16	static
app_entry.c:203:6:UTIL_SEQ_Idle	4	static
app_entry.c:218:6:UTIL_SEQ_EvtIdle	16	static
app_entry.c:223:6:shci_notify_asynch_evt	16	static
app_entry.c:229:6:shci_cmd_resp_release	16	static
app_entry.c:235:6:shci_cmd_resp_wait	16	static
