stm32wbxx_ll_rcc.h:1468:22:LL_RCC_HSI_Enable	4	static
stm32wbxx_ll_rcc.h:1488:26:LL_RCC_HSI_IsReady	4	static
stm32wbxx_ll_rcc.h:2046:22:LL_RCC_SetSysClkSource	16	static
stm32wbxx_ll_rcc.h:2060:26:LL_RCC_GetSysClkSource	4	static
stm32wbxx_ll_rcc.h:2370:22:LL_RCC_SetSMPSClockSource	16	static
stm32_lpm_if.c:84:6:PWR_EnterOffMode	4	static
stm32_lpm_if.c:96:6:PWR_ExitOffMode	4	static
stm32_lpm_if.c:109:6:PWR_EnterStopMode	4	static
stm32_lpm_if.c:122:6:PWR_ExitStopMode	4	static
stm32_lpm_if.c:135:6:PWR_EnterSleepMode	4	static
stm32_lpm_if.c:148:6:PWR_ExitSleepMode	4	static
stm32_lpm_if.c:165:13:Switch_On_HSI	8	static
