stm32wbxx_ll_rcc.h:2865:22:LL_RCC_EnableRTC	4	static
stm32wbxx_ll_rcc.h:2875:22:LL_RCC_DisableRTC	4	static
stm32wbxx_ll_bus.h:745:22:LL_AHB3_GRP1_EnableClock	24	static
stm32wbxx_ll_bus.h:799:22:LL_AHB3_GRP1_DisableClock	16	static
stm32wbxx_ll_bus.h:940:22:LL_APB1_GRP1_EnableClock	24	static
stm32wbxx_ll_bus.h:1039:22:LL_APB1_GRP1_DisableClock	16	static
stm32wbxx_hal_msp.c:64:6:HAL_MspInit	8	static
stm32wbxx_hal_msp.c:90:6:HAL_IPCC_MspInit	16	static
stm32wbxx_hal_msp.c:112:6:HAL_IPCC_MspDeInit	16	static
stm32wbxx_hal_msp.c:134:6:HAL_RTC_MspInit	16	static
stm32wbxx_hal_msp.c:157:6:HAL_RTC_MspDeInit	16	static
